2026-02-10 10:44:40 [INFO] BrowserManager initialized
2026-02-10 10:44:40 [INFO] DatabaseAdapter initialized with sqlite
2026-02-10 10:44:40 [INFO] [BOE_PARALLEL_2] [Scraper 2] Starting: 49 batches (15-day chunks)
2026-02-10 10:44:40 [INFO] [BOE_PARALLEL_2] [Scraper 2] Range: 2014-01-01 to 2015-12-31
2026-02-10 10:44:41 [INFO] [BOE_PARALLEL_2] 
[Scraper 2] Batch 1/49: 2014-01-01_to_2014-01-15
2026-02-10 10:45:06 [INFO] [BOE_PARALLEL_2] [Scraper 2] Launched dedicated browser
2026-02-10 10:45:10 [INFO] [BOE_PARALLEL_2]   Navigating to BOE search page...
2026-02-10 10:45:16 [INFO] [BOE_PARALLEL_2]   Filling dates: 2014-01-01 to 2014-01-15
2026-02-10 10:45:20 [INFO] [BOE_PARALLEL_2]   Setting 500 results per page...
2026-02-10 10:45:22 [INFO] [BOE_PARALLEL_2]   Submitting search...
2026-02-10 10:45:30 [INFO] [BOE_PARALLEL_2]   Search submitted successfully
2026-02-10 10:45:48 [WARNING] [BOE_PARALLEL_2] Could not find results container
2026-02-10 10:45:49 [INFO] [BOE_PARALLEL_2] [Scraper 2] ✓ Batch complete: Found 0, Fetched 0
2026-02-10 10:46:09 [INFO] [BOE_PARALLEL_2] 
[Scraper 2] Batch 2/49: 2014-01-16_to_2014-01-30
2026-02-10 10:46:12 [INFO] [BOE_PARALLEL_2]   Navigating to BOE search page...
2026-02-10 10:46:22 [INFO] [BOE_PARALLEL_2]   Filling dates: 2014-01-16 to 2014-01-30
2026-02-10 10:46:34 [INFO] [BOE_PARALLEL_2]   Setting 500 results per page...
2026-02-10 10:46:39 [INFO] [BOE_PARALLEL_2]   Submitting search...
2026-02-10 10:46:51 [INFO] [BOE_PARALLEL_2]   Search submitted successfully
2026-02-10 10:47:09 [WARNING] [BOE_PARALLEL_2] Could not find results container
2026-02-10 10:48:27 [INFO] [BOE_PARALLEL_2] [Scraper 2] ✓ Batch complete: Found 0, Fetched 0
2026-02-10 10:48:42 [INFO] [BOE_PARALLEL_2] 
[Scraper 2] Batch 3/49: 2014-01-31_to_2014-02-14
2026-02-10 10:49:30 [INFO] [BOE_PARALLEL_2]   Navigating to BOE search page...
2026-02-10 10:49:36 [INFO] [BOE_PARALLEL_2]   Filling dates: 2014-01-31 to 2014-02-14
2026-02-10 10:49:39 [INFO] [BOE_PARALLEL_2]   Setting 500 results per page...
2026-02-10 10:49:41 [INFO] [BOE_PARALLEL_2]   Submitting search...
2026-02-10 10:49:48 [INFO] [BOE_PARALLEL_2]   Search submitted successfully
2026-02-10 10:50:07 [WARNING] [BOE_PARALLEL_2] Could not find results container
2026-02-10 10:50:07 [INFO] [BOE_PARALLEL_2] [Scraper 2] ✓ Batch complete: Found 0, Fetched 0
2026-02-10 10:50:24 [INFO] [BOE_PARALLEL_2] 
[Scraper 2] Batch 4/49: 2014-02-15_to_2014-03-01
2026-02-10 10:50:34 [INFO] [BOE_PARALLEL_2]   Navigating to BOE search page...
2026-02-10 10:50:38 [INFO] [BOE_PARALLEL_2]   Filling dates: 2014-02-15 to 2014-03-01
2026-02-10 10:50:42 [INFO] [BOE_PARALLEL_2]   Setting 500 results per page...
2026-02-10 10:50:45 [INFO] [BOE_PARALLEL_2]   Submitting search...
2026-02-10 10:50:54 [INFO] [BOE_PARALLEL_2]   Search submitted successfully
2026-02-10 10:51:11 [WARNING] [BOE_PARALLEL_2] Could not find results container
2026-02-10 10:51:12 [INFO] [BOE_PARALLEL_2] [Scraper 2] ✓ Batch complete: Found 0, Fetched 0
2026-02-10 10:51:30 [INFO] [BOE_PARALLEL_2] 
[Scraper 2] Batch 5/49: 2014-03-02_to_2014-03-16
2026-02-10 10:51:40 [INFO] [BOE_PARALLEL_2]   Navigating to BOE search page...
2026-02-10 10:51:45 [INFO] [BOE_PARALLEL_2]   Filling dates: 2014-03-02 to 2014-03-16
2026-02-10 10:51:49 [INFO] [BOE_PARALLEL_2]   Setting 500 results per page...
2026-02-10 10:51:51 [INFO] [BOE_PARALLEL_2]   Submitting search...
2026-02-10 10:51:59 [INFO] [BOE_PARALLEL_2]   Search submitted successfully
2026-02-10 10:52:17 [WARNING] [BOE_PARALLEL_2] Could not find results container
2026-02-10 10:52:17 [INFO] [BOE_PARALLEL_2] [Scraper 2] ✓ Batch complete: Found 0, Fetched 0
2026-02-10 10:52:34 [INFO] [BOE_PARALLEL_2] 
[Scraper 2] Batch 6/49: 2014-03-17_to_2014-03-31
2026-02-10 10:52:39 [INFO] [BOE_PARALLEL_2]   Navigating to BOE search page...
2026-02-10 10:52:44 [INFO] [BOE_PARALLEL_2]   Filling dates: 2014-03-17 to 2014-03-31
2026-02-10 10:52:47 [INFO] [BOE_PARALLEL_2]   Setting 500 results per page...
2026-02-10 10:52:50 [INFO] [BOE_PARALLEL_2]   Submitting search...
2026-02-10 10:52:57 [INFO] [BOE_PARALLEL_2]   Search submitted successfully
2026-02-10 10:53:15 [WARNING] [BOE_PARALLEL_2] Could not find results container
2026-02-10 10:53:15 [INFO] [BOE_PARALLEL_2] [Scraper 2] ✓ Batch complete: Found 0, Fetched 0
2026-02-10 10:53:33 [INFO] [BOE_PARALLEL_2] 
[Scraper 2] Batch 7/49: 2014-04-01_to_2014-04-15
2026-02-10 10:53:40 [INFO] [BOE_PARALLEL_2]   Navigating to BOE search page...
2026-02-10 10:53:56 [INFO] [BOE_PARALLEL_2]   Filling dates: 2014-04-01 to 2014-04-15
2026-02-10 11:33:56 [INFO] BrowserManager initialized
2026-02-10 11:33:56 [INFO] DatabaseAdapter initialized with sqlite
2026-02-10 11:33:56 [INFO] [BOE_PARALLEL_2] [Scraper 2] Starting: 49 batches (15-day chunks)
2026-02-10 11:33:56 [INFO] [BOE_PARALLEL_2] [Scraper 2] Range: 2014-01-01 to 2015-12-31
2026-02-10 11:33:56 [INFO] [BOE_PARALLEL_2] [Scraper 2] Skipping 2014-01-01_to_2014-01-15 (completed)
2026-02-10 11:33:56 [INFO] [BOE_PARALLEL_2] [Scraper 2] Skipping 2014-01-16_to_2014-01-30 (completed)
2026-02-10 11:33:56 [INFO] [BOE_PARALLEL_2] [Scraper 2] Skipping 2014-01-31_to_2014-02-14 (completed)
2026-02-10 11:33:56 [INFO] [BOE_PARALLEL_2] [Scraper 2] Skipping 2014-02-15_to_2014-03-01 (completed)
2026-02-10 11:33:56 [INFO] [BOE_PARALLEL_2] [Scraper 2] Skipping 2014-03-02_to_2014-03-16 (completed)
2026-02-10 11:33:56 [INFO] [BOE_PARALLEL_2] [Scraper 2] Skipping 2014-03-17_to_2014-03-31 (completed)
2026-02-10 11:33:56 [INFO] [BOE_PARALLEL_2] 
[Scraper 2] Batch 7/49: 2014-04-01_to_2014-04-15
2026-02-10 11:34:06 [INFO] [BOE_PARALLEL_2] [Scraper 2] Launched dedicated browser
2026-02-10 11:34:09 [INFO] [BOE_PARALLEL_2]   Navigating to BOE search page...
2026-02-10 11:34:14 [INFO] [BOE_PARALLEL_2]   Filling dates: 2014-04-01 to 2014-04-15
2026-02-10 11:34:17 [INFO] [BOE_PARALLEL_2]   Setting 500 results per page...
2026-02-10 11:34:19 [INFO] [BOE_PARALLEL_2]   Submitting search...
2026-02-10 11:34:27 [INFO] [BOE_PARALLEL_2]   Search submitted successfully
2026-02-10 11:34:46 [WARNING] [BOE_PARALLEL_2] Could not find results container
2026-02-10 11:34:46 [INFO] [BOE_PARALLEL_2] [Scraper 2] ✓ Batch complete: Found 0, Fetched 0
2026-02-10 11:35:05 [INFO] [BOE_PARALLEL_2] 
[Scraper 2] Batch 8/49: 2014-04-16_to_2014-04-30
2026-02-10 11:35:07 [INFO] [BOE_PARALLEL_2]   Navigating to BOE search page...
2026-02-10 11:35:13 [INFO] [BOE_PARALLEL_2]   Filling dates: 2014-04-16 to 2014-04-30
2026-02-10 11:35:16 [INFO] [BOE_PARALLEL_2]   Setting 500 results per page...
2026-02-10 11:35:18 [INFO] [BOE_PARALLEL_2]   Submitting search...
2026-02-10 11:35:24 [INFO] [BOE_PARALLEL_2]   Search submitted successfully
2026-02-10 11:35:42 [WARNING] [BOE_PARALLEL_2] Could not find results container
2026-02-10 11:35:42 [INFO] [BOE_PARALLEL_2] [Scraper 2] ✓ Batch complete: Found 0, Fetched 0
2026-02-10 11:35:59 [INFO] [BOE_PARALLEL_2] 
[Scraper 2] Batch 9/49: 2014-05-01_to_2014-05-15
2026-02-10 11:36:02 [INFO] [BOE_PARALLEL_2]   Navigating to BOE search page...
2026-02-10 11:36:06 [INFO] [BOE_PARALLEL_2]   Filling dates: 2014-05-01 to 2014-05-15
2026-02-10 11:36:09 [INFO] [BOE_PARALLEL_2]   Setting 500 results per page...
2026-02-10 11:36:11 [INFO] [BOE_PARALLEL_2]   Submitting search...
2026-02-10 11:36:20 [INFO] [BOE_PARALLEL_2]   Search submitted successfully
2026-02-10 11:36:38 [WARNING] [BOE_PARALLEL_2] Could not find results container
2026-02-10 11:36:39 [INFO] [BOE_PARALLEL_2] [Scraper 2] ✓ Batch complete: Found 0, Fetched 0
2026-02-10 11:36:58 [INFO] [BOE_PARALLEL_2] 
[Scraper 2] Batch 10/49: 2014-05-16_to_2014-05-30
2026-02-10 11:37:00 [INFO] [BOE_PARALLEL_2]   Navigating to BOE search page...
2026-02-10 11:37:05 [INFO] [BOE_PARALLEL_2]   Filling dates: 2014-05-16 to 2014-05-30
2026-02-10 11:37:08 [INFO] [BOE_PARALLEL_2]   Setting 500 results per page...
2026-02-10 11:37:10 [INFO] [BOE_PARALLEL_2]   Submitting search...
2026-02-10 11:37:19 [INFO] [BOE_PARALLEL_2]   Search submitted successfully
2026-02-10 11:37:36 [WARNING] [BOE_PARALLEL_2] Could not find results container
2026-02-10 11:37:36 [INFO] [BOE_PARALLEL_2] [Scraper 2] ✓ Batch complete: Found 0, Fetched 0
2026-02-10 11:37:53 [INFO] [BOE_PARALLEL_2] 
[Scraper 2] Batch 11/49: 2014-05-31_to_2014-06-14
2026-02-10 11:37:56 [INFO] [BOE_PARALLEL_2]   Navigating to BOE search page...
2026-02-10 11:38:01 [INFO] [BOE_PARALLEL_2]   Filling dates: 2014-05-31 to 2014-06-14
2026-02-10 11:38:05 [INFO] [BOE_PARALLEL_2]   Setting 500 results per page...
2026-02-10 11:38:07 [INFO] [BOE_PARALLEL_2]   Submitting search...
2026-02-10 11:38:16 [INFO] [BOE_PARALLEL_2]   Search submitted successfully
2026-02-10 11:38:33 [WARNING] [BOE_PARALLEL_2] Could not find results container
2026-02-10 11:38:33 [INFO] [BOE_PARALLEL_2] [Scraper 2] ✓ Batch complete: Found 0, Fetched 0
2026-02-10 11:38:49 [INFO] [BOE_PARALLEL_2] 
[Scraper 2] Batch 12/49: 2014-06-15_to_2014-06-29
2026-02-10 11:38:52 [INFO] [BOE_PARALLEL_2]   Navigating to BOE search page...
2026-02-10 11:38:57 [INFO] [BOE_PARALLEL_2]   Filling dates: 2014-06-15 to 2014-06-29
2026-02-10 11:39:01 [INFO] [BOE_PARALLEL_2]   Setting 500 results per page...
2026-02-10 11:39:03 [INFO] [BOE_PARALLEL_2]   Submitting search...
2026-02-10 11:39:10 [INFO] [BOE_PARALLEL_2]   Search submitted successfully
2026-02-10 11:39:28 [WARNING] [BOE_PARALLEL_2] Could not find results container
2026-02-10 11:39:28 [INFO] [BOE_PARALLEL_2] [Scraper 2] ✓ Batch complete: Found 0, Fetched 0
2026-02-10 11:39:46 [INFO] [BOE_PARALLEL_2] 
[Scraper 2] Batch 13/49: 2014-06-30_to_2014-07-14
2026-02-10 11:39:48 [INFO] [BOE_PARALLEL_2]   Navigating to BOE search page...
2026-02-10 11:39:53 [INFO] [BOE_PARALLEL_2]   Filling dates: 2014-06-30 to 2014-07-14
2026-02-10 11:39:56 [INFO] [BOE_PARALLEL_2]   Setting 500 results per page...
2026-02-10 11:39:58 [INFO] [BOE_PARALLEL_2]   Submitting search...
2026-02-10 11:40:06 [INFO] [BOE_PARALLEL_2]   Search submitted successfully
2026-02-10 11:40:24 [WARNING] [BOE_PARALLEL_2] Could not find results container
2026-02-10 11:40:25 [INFO] [BOE_PARALLEL_2] [Scraper 2] ✓ Batch complete: Found 0, Fetched 0
2026-02-10 11:40:41 [INFO] [BOE_PARALLEL_2] 
[Scraper 2] Batch 14/49: 2014-07-15_to_2014-07-29
2026-02-10 11:40:44 [INFO] [BOE_PARALLEL_2]   Navigating to BOE search page...
2026-02-10 11:40:49 [INFO] [BOE_PARALLEL_2]   Filling dates: 2014-07-15 to 2014-07-29
2026-02-10 11:40:52 [INFO] [BOE_PARALLEL_2]   Setting 500 results per page...
2026-02-10 11:40:54 [INFO] [BOE_PARALLEL_2]   Submitting search...
2026-02-10 11:41:01 [INFO] [BOE_PARALLEL_2]   Search submitted successfully
2026-02-10 11:41:19 [WARNING] [BOE_PARALLEL_2] Could not find results container
2026-02-10 11:41:20 [INFO] [BOE_PARALLEL_2] [Scraper 2] ✓ Batch complete: Found 0, Fetched 0
2026-02-10 11:41:39 [INFO] [BOE_PARALLEL_2] 
[Scraper 2] Batch 15/49: 2014-07-30_to_2014-08-13
2026-02-10 11:41:41 [INFO] [BOE_PARALLEL_2]   Navigating to BOE search page...
2026-02-10 11:41:47 [INFO] [BOE_PARALLEL_2]   Filling dates: 2014-07-30 to 2014-08-13
2026-02-10 11:41:51 [INFO] [BOE_PARALLEL_2]   Setting 500 results per page...
2026-02-10 11:41:53 [INFO] [BOE_PARALLEL_2]   Submitting search...
2026-02-10 11:42:01 [INFO] [BOE_PARALLEL_2]   Search submitted successfully
2026-02-10 11:42:18 [WARNING] [BOE_PARALLEL_2] Could not find results container
2026-02-10 11:42:19 [INFO] [BOE_PARALLEL_2] [Scraper 2] ✓ Batch complete: Found 0, Fetched 0
2026-02-10 11:42:35 [INFO] [BOE_PARALLEL_2] 
[Scraper 2] Batch 16/49: 2014-08-14_to_2014-08-28
2026-02-10 11:42:37 [INFO] [BOE_PARALLEL_2]   Navigating to BOE search page...
2026-02-10 11:42:42 [INFO] [BOE_PARALLEL_2]   Filling dates: 2014-08-14 to 2014-08-28
2026-02-10 11:42:45 [INFO] [BOE_PARALLEL_2]   Setting 500 results per page...
2026-02-10 11:42:47 [INFO] [BOE_PARALLEL_2]   Submitting search...
2026-02-10 11:42:55 [INFO] [BOE_PARALLEL_2]   Search submitted successfully
2026-02-10 11:43:12 [WARNING] [BOE_PARALLEL_2] Could not find results container
2026-02-10 11:43:13 [INFO] [BOE_PARALLEL_2] [Scraper 2] ✓ Batch complete: Found 0, Fetched 0
2026-02-10 11:43:28 [INFO] [BOE_PARALLEL_2] 
[Scraper 2] Batch 17/49: 2014-08-29_to_2014-09-12
2026-02-10 11:43:31 [INFO] [BOE_PARALLEL_2]   Navigating to BOE search page...
2026-02-10 11:43:35 [INFO] [BOE_PARALLEL_2]   Filling dates: 2014-08-29 to 2014-09-12
2026-02-10 11:43:38 [INFO] [BOE_PARALLEL_2]   Setting 500 results per page...
2026-02-10 11:43:41 [INFO] [BOE_PARALLEL_2]   Submitting search...
2026-02-10 11:43:49 [INFO] [BOE_PARALLEL_2]   Search submitted successfully
2026-02-10 11:44:07 [WARNING] [BOE_PARALLEL_2] Could not find results container
2026-02-10 11:44:07 [INFO] [BOE_PARALLEL_2] [Scraper 2] ✓ Batch complete: Found 0, Fetched 0
2026-02-10 11:44:24 [INFO] [BOE_PARALLEL_2] 
[Scraper 2] Batch 18/49: 2014-09-13_to_2014-09-27
2026-02-10 11:44:27 [INFO] [BOE_PARALLEL_2]   Navigating to BOE search page...
2026-02-10 11:44:32 [INFO] [BOE_PARALLEL_2]   Filling dates: 2014-09-13 to 2014-09-27
2026-02-10 11:44:36 [INFO] [BOE_PARALLEL_2]   Setting 500 results per page...
2026-02-10 11:44:38 [INFO] [BOE_PARALLEL_2]   Submitting search...
2026-02-10 11:44:44 [INFO] [BOE_PARALLEL_2]   Search submitted successfully
2026-02-10 11:45:02 [WARNING] [BOE_PARALLEL_2] Could not find results container
2026-02-10 11:45:02 [INFO] [BOE_PARALLEL_2] [Scraper 2] ✓ Batch complete: Found 0, Fetched 0
2026-02-10 11:45:22 [INFO] [BOE_PARALLEL_2] 
[Scraper 2] Batch 19/49: 2014-09-28_to_2014-10-12
2026-02-10 11:45:23 [INFO] [BOE_PARALLEL_2]   Navigating to BOE search page...
2026-02-10 11:45:29 [INFO] [BOE_PARALLEL_2]   Filling dates: 2014-09-28 to 2014-10-12
2026-02-10 11:45:32 [INFO] [BOE_PARALLEL_2]   Setting 500 results per page...
2026-02-10 11:45:35 [INFO] [BOE_PARALLEL_2]   Submitting search...
2026-02-10 11:45:43 [INFO] [BOE_PARALLEL_2]   Search submitted successfully
2026-02-10 11:46:02 [WARNING] [BOE_PARALLEL_2] Could not find results container
2026-02-10 11:46:02 [INFO] [BOE_PARALLEL_2] [Scraper 2] ✓ Batch complete: Found 0, Fetched 0
2026-02-10 11:46:19 [INFO] [BOE_PARALLEL_2] 
[Scraper 2] Batch 20/49: 2014-10-13_to_2014-10-27
2026-02-10 11:46:20 [INFO] [BOE_PARALLEL_2]   Navigating to BOE search page...
2026-02-10 11:46:26 [INFO] [BOE_PARALLEL_2]   Filling dates: 2014-10-13 to 2014-10-27
2026-02-10 11:46:30 [INFO] [BOE_PARALLEL_2]   Setting 500 results per page...
2026-02-10 11:46:32 [INFO] [BOE_PARALLEL_2]   Submitting search...
2026-02-10 11:46:38 [INFO] [BOE_PARALLEL_2]   Search submitted successfully
2026-02-10 11:46:56 [WARNING] [BOE_PARALLEL_2] Could not find results container
2026-02-10 11:46:56 [INFO] [BOE_PARALLEL_2] [Scraper 2] ✓ Batch complete: Found 0, Fetched 0
2026-02-10 11:47:13 [INFO] [BOE_PARALLEL_2] 
[Scraper 2] Batch 21/49: 2014-10-28_to_2014-11-11
2026-02-10 11:47:14 [INFO] [BOE_PARALLEL_2]   Navigating to BOE search page...
2026-02-10 11:47:20 [INFO] [BOE_PARALLEL_2]   Filling dates: 2014-10-28 to 2014-11-11
2026-02-10 11:47:23 [INFO] [BOE_PARALLEL_2]   Setting 500 results per page...
2026-02-10 11:47:25 [INFO] [BOE_PARALLEL_2]   Submitting search...
2026-02-10 11:47:33 [INFO] [BOE_PARALLEL_2]   Search submitted successfully
2026-02-10 11:47:52 [WARNING] [BOE_PARALLEL_2] Could not find results container
2026-02-10 11:47:52 [INFO] [BOE_PARALLEL_2] [Scraper 2] ✓ Batch complete: Found 0, Fetched 0
2026-02-10 11:48:11 [INFO] [BOE_PARALLEL_2] 
[Scraper 2] Batch 22/49: 2014-11-12_to_2014-11-26
2026-02-10 11:48:13 [INFO] [BOE_PARALLEL_2]   Navigating to BOE search page...
2026-02-10 11:48:17 [INFO] [BOE_PARALLEL_2]   Filling dates: 2014-11-12 to 2014-11-26
2026-02-10 11:48:21 [INFO] [BOE_PARALLEL_2]   Setting 500 results per page...
2026-02-10 11:48:23 [INFO] [BOE_PARALLEL_2]   Submitting search...
2026-02-10 11:48:31 [INFO] [BOE_PARALLEL_2]   Search submitted successfully
2026-02-10 11:48:49 [WARNING] [BOE_PARALLEL_2] Could not find results container
2026-02-10 11:48:49 [INFO] [BOE_PARALLEL_2] [Scraper 2] ✓ Batch complete: Found 0, Fetched 0
2026-02-10 11:49:09 [INFO] [BOE_PARALLEL_2] 
[Scraper 2] Batch 23/49: 2014-11-27_to_2014-12-11
2026-02-10 11:49:12 [INFO] [BOE_PARALLEL_2]   Navigating to BOE search page...
2026-02-10 11:49:17 [INFO] [BOE_PARALLEL_2]   Filling dates: 2014-11-27 to 2014-12-11
2026-02-10 11:49:20 [INFO] [BOE_PARALLEL_2]   Setting 500 results per page...
2026-02-10 11:49:22 [INFO] [BOE_PARALLEL_2]   Submitting search...
2026-02-10 11:49:31 [INFO] [BOE_PARALLEL_2]   Search submitted successfully
2026-02-10 11:49:48 [WARNING] [BOE_PARALLEL_2] Could not find results container
2026-02-10 11:49:48 [INFO] [BOE_PARALLEL_2] [Scraper 2] ✓ Batch complete: Found 0, Fetched 0
2026-02-10 11:50:08 [INFO] [BOE_PARALLEL_2] 
[Scraper 2] Batch 24/49: 2014-12-12_to_2014-12-26
2026-02-10 11:50:10 [INFO] [BOE_PARALLEL_2]   Navigating to BOE search page...
2026-02-10 11:50:15 [INFO] [BOE_PARALLEL_2]   Filling dates: 2014-12-12 to 2014-12-26
2026-02-10 11:50:18 [INFO] [BOE_PARALLEL_2]   Setting 500 results per page...
2026-02-10 11:50:20 [INFO] [BOE_PARALLEL_2]   Submitting search...
2026-02-10 11:50:28 [INFO] [BOE_PARALLEL_2]   Search submitted successfully
2026-02-10 11:50:45 [WARNING] [BOE_PARALLEL_2] Could not find results container
2026-02-10 11:50:45 [INFO] [BOE_PARALLEL_2] [Scraper 2] ✓ Batch complete: Found 0, Fetched 0
2026-02-10 11:51:00 [INFO] [BOE_PARALLEL_2] 
[Scraper 2] Batch 25/49: 2014-12-27_to_2015-01-10
2026-02-10 11:51:03 [INFO] [BOE_PARALLEL_2]   Navigating to BOE search page...
2026-02-10 11:51:08 [INFO] [BOE_PARALLEL_2]   Filling dates: 2014-12-27 to 2015-01-10
2026-02-10 11:51:12 [INFO] [BOE_PARALLEL_2]   Setting 500 results per page...
2026-02-10 11:51:14 [INFO] [BOE_PARALLEL_2]   Submitting search...
2026-02-10 11:51:22 [INFO] [BOE_PARALLEL_2]   Search submitted successfully
2026-02-10 11:51:40 [WARNING] [BOE_PARALLEL_2] Could not find results container
2026-02-10 11:51:40 [INFO] [BOE_PARALLEL_2] [Scraper 2] ✓ Batch complete: Found 0, Fetched 0
2026-02-10 11:51:57 [INFO] [BOE_PARALLEL_2] 
[Scraper 2] Batch 26/49: 2015-01-11_to_2015-01-25
2026-02-10 11:51:59 [INFO] [BOE_PARALLEL_2]   Navigating to BOE search page...
2026-02-10 11:52:03 [INFO] [BOE_PARALLEL_2]   Filling dates: 2015-01-11 to 2015-01-25
2026-02-10 11:52:07 [INFO] [BOE_PARALLEL_2]   Setting 500 results per page...
2026-02-10 11:52:09 [INFO] [BOE_PARALLEL_2]   Submitting search...
2026-02-10 11:52:17 [INFO] [BOE_PARALLEL_2]   Search submitted successfully
2026-02-10 11:52:34 [WARNING] [BOE_PARALLEL_2] Could not find results container
2026-02-10 11:52:34 [INFO] [BOE_PARALLEL_2] [Scraper 2] ✓ Batch complete: Found 0, Fetched 0
2026-02-10 11:52:52 [INFO] [BOE_PARALLEL_2] 
[Scraper 2] Batch 27/49: 2015-01-26_to_2015-02-09
2026-02-10 11:52:55 [INFO] [BOE_PARALLEL_2]   Navigating to BOE search page...
2026-02-10 11:52:59 [INFO] [BOE_PARALLEL_2]   Filling dates: 2015-01-26 to 2015-02-09
2026-02-10 11:53:03 [INFO] [BOE_PARALLEL_2]   Setting 500 results per page...
2026-02-10 11:53:04 [INFO] [BOE_PARALLEL_2]   Submitting search...
2026-02-10 11:53:11 [INFO] [BOE_PARALLEL_2]   Search submitted successfully
2026-02-10 11:53:30 [WARNING] [BOE_PARALLEL_2] Could not find results container
2026-02-10 11:53:30 [INFO] [BOE_PARALLEL_2] [Scraper 2] ✓ Batch complete: Found 0, Fetched 0
2026-02-10 11:53:48 [INFO] [BOE_PARALLEL_2] 
[Scraper 2] Batch 28/49: 2015-02-10_to_2015-02-24
2026-02-10 11:53:51 [INFO] [BOE_PARALLEL_2]   Navigating to BOE search page...
2026-02-10 11:53:55 [INFO] [BOE_PARALLEL_2]   Filling dates: 2015-02-10 to 2015-02-24
2026-02-10 11:54:02 [INFO] [BOE_PARALLEL_2]   Setting 500 results per page...
2026-02-10 11:54:07 [INFO] [BOE_PARALLEL_2]   Submitting search...
2026-02-10 11:54:19 [INFO] [BOE_PARALLEL_2]   Search submitted successfully
2026-02-10 11:54:37 [WARNING] [BOE_PARALLEL_2] Could not find results container
2026-02-10 11:54:37 [INFO] [BOE_PARALLEL_2] [Scraper 2] ✓ Batch complete: Found 0, Fetched 0
2026-02-10 11:54:52 [INFO] [BOE_PARALLEL_2] 
[Scraper 2] Batch 29/49: 2015-02-25_to_2015-03-11
2026-02-10 11:54:55 [INFO] [BOE_PARALLEL_2]   Navigating to BOE search page...
2026-02-10 11:55:00 [INFO] [BOE_PARALLEL_2]   Filling dates: 2015-02-25 to 2015-03-11
2026-02-10 11:55:03 [INFO] [BOE_PARALLEL_2]   Setting 500 results per page...
2026-02-10 11:55:06 [INFO] [BOE_PARALLEL_2]   Submitting search...
2026-02-10 11:55:13 [INFO] [BOE_PARALLEL_2]   Search submitted successfully
2026-02-10 11:55:31 [WARNING] [BOE_PARALLEL_2] Could not find results container
2026-02-10 11:55:31 [INFO] [BOE_PARALLEL_2] [Scraper 2] ✓ Batch complete: Found 0, Fetched 0
2026-02-10 11:55:49 [INFO] [BOE_PARALLEL_2] 
[Scraper 2] Batch 30/49: 2015-03-12_to_2015-03-26
2026-02-10 11:55:52 [INFO] [BOE_PARALLEL_2]   Navigating to BOE search page...
2026-02-10 11:55:58 [INFO] [BOE_PARALLEL_2]   Filling dates: 2015-03-12 to 2015-03-26
2026-02-10 11:56:01 [INFO] [BOE_PARALLEL_2]   Setting 500 results per page...
2026-02-10 11:56:05 [INFO] [BOE_PARALLEL_2]   Submitting search...
2026-02-10 11:56:17 [INFO] [BOE_PARALLEL_2]   Search submitted successfully
2026-02-10 11:56:35 [WARNING] [BOE_PARALLEL_2] Could not find results container
2026-02-10 11:56:35 [INFO] [BOE_PARALLEL_2] [Scraper 2] ✓ Batch complete: Found 0, Fetched 0
2026-02-10 11:56:51 [INFO] [BOE_PARALLEL_2] 
[Scraper 2] Batch 31/49: 2015-03-27_to_2015-04-10
2026-02-10 11:56:53 [INFO] [BOE_PARALLEL_2]   Navigating to BOE search page...
2026-02-10 11:56:58 [INFO] [BOE_PARALLEL_2]   Filling dates: 2015-03-27 to 2015-04-10
2026-02-10 11:57:02 [INFO] [BOE_PARALLEL_2]   Setting 500 results per page...
2026-02-10 11:57:05 [INFO] [BOE_PARALLEL_2]   Submitting search...
2026-02-10 11:57:13 [INFO] [BOE_PARALLEL_2]   Search submitted successfully
2026-02-10 11:57:31 [WARNING] [BOE_PARALLEL_2] Could not find results container
2026-02-10 11:57:31 [INFO] [BOE_PARALLEL_2] [Scraper 2] ✓ Batch complete: Found 0, Fetched 0
2026-02-10 11:57:47 [INFO] [BOE_PARALLEL_2] 
[Scraper 2] Batch 32/49: 2015-04-11_to_2015-04-25
2026-02-10 11:57:49 [INFO] [BOE_PARALLEL_2]   Navigating to BOE search page...
2026-02-10 11:57:54 [INFO] [BOE_PARALLEL_2]   Filling dates: 2015-04-11 to 2015-04-25
2026-02-10 11:57:58 [INFO] [BOE_PARALLEL_2]   Setting 500 results per page...
2026-02-10 11:58:00 [INFO] [BOE_PARALLEL_2]   Submitting search...
2026-02-10 11:58:07 [INFO] [BOE_PARALLEL_2]   Search submitted successfully
2026-02-10 11:58:25 [WARNING] [BOE_PARALLEL_2] Could not find results container
2026-02-10 11:58:25 [INFO] [BOE_PARALLEL_2] [Scraper 2] ✓ Batch complete: Found 0, Fetched 0
2026-02-10 11:58:45 [INFO] [BOE_PARALLEL_2] 
[Scraper 2] Batch 33/49: 2015-04-26_to_2015-05-10
2026-02-10 11:58:48 [INFO] [BOE_PARALLEL_2]   Navigating to BOE search page...
2026-02-10 11:58:52 [INFO] [BOE_PARALLEL_2]   Filling dates: 2015-04-26 to 2015-05-10
2026-02-10 11:58:56 [INFO] [BOE_PARALLEL_2]   Setting 500 results per page...
2026-02-10 11:58:58 [INFO] [BOE_PARALLEL_2]   Submitting search...
2026-02-10 11:59:06 [INFO] [BOE_PARALLEL_2]   Search submitted successfully
2026-02-10 11:59:25 [WARNING] [BOE_PARALLEL_2] Could not find results container
2026-02-10 11:59:25 [INFO] [BOE_PARALLEL_2] [Scraper 2] ✓ Batch complete: Found 0, Fetched 0
2026-02-10 11:59:40 [INFO] [BOE_PARALLEL_2] 
[Scraper 2] Batch 34/49: 2015-05-11_to_2015-05-25
2026-02-10 11:59:43 [INFO] [BOE_PARALLEL_2]   Navigating to BOE search page...
2026-02-10 11:59:48 [INFO] [BOE_PARALLEL_2]   Filling dates: 2015-05-11 to 2015-05-25
2026-02-10 11:59:55 [INFO] [BOE_PARALLEL_2]   Setting 500 results per page...
2026-02-10 12:00:00 [INFO] [BOE_PARALLEL_2]   Submitting search...
2026-02-10 12:00:11 [INFO] [BOE_PARALLEL_2]   Search submitted successfully
2026-02-10 12:00:29 [WARNING] [BOE_PARALLEL_2] Could not find results container
2026-02-10 12:00:29 [INFO] [BOE_PARALLEL_2] [Scraper 2] ✓ Batch complete: Found 0, Fetched 0
2026-02-10 12:00:48 [INFO] [BOE_PARALLEL_2] 
[Scraper 2] Batch 35/49: 2015-05-26_to_2015-06-09
2026-02-10 12:00:51 [INFO] [BOE_PARALLEL_2]   Navigating to BOE search page...
2026-02-10 12:00:56 [INFO] [BOE_PARALLEL_2]   Filling dates: 2015-05-26 to 2015-06-09
2026-02-10 12:01:00 [INFO] [BOE_PARALLEL_2]   Setting 500 results per page...
2026-02-10 12:01:02 [INFO] [BOE_PARALLEL_2]   Submitting search...
2026-02-10 12:01:10 [INFO] [BOE_PARALLEL_2]   Search submitted successfully
2026-02-10 12:01:29 [WARNING] [BOE_PARALLEL_2] Could not find results container
2026-02-10 12:01:29 [INFO] [BOE_PARALLEL_2] [Scraper 2] ✓ Batch complete: Found 0, Fetched 0
2026-02-10 12:01:46 [INFO] [BOE_PARALLEL_2] 
[Scraper 2] Batch 36/49: 2015-06-10_to_2015-06-24
2026-02-10 12:01:48 [INFO] [BOE_PARALLEL_2]   Navigating to BOE search page...
2026-02-10 12:01:53 [INFO] [BOE_PARALLEL_2]   Filling dates: 2015-06-10 to 2015-06-24
2026-02-10 12:02:01 [INFO] [BOE_PARALLEL_2]   Setting 500 results per page...
2026-02-10 12:02:05 [INFO] [BOE_PARALLEL_2]   Submitting search...
2026-02-10 12:02:16 [INFO] [BOE_PARALLEL_2]   Search submitted successfully
2026-02-10 12:02:34 [WARNING] [BOE_PARALLEL_2] Could not find results container
2026-02-10 12:02:34 [INFO] [BOE_PARALLEL_2] [Scraper 2] ✓ Batch complete: Found 0, Fetched 0
2026-02-10 12:02:52 [INFO] [BOE_PARALLEL_2] 
[Scraper 2] Batch 37/49: 2015-06-25_to_2015-07-09
2026-02-10 12:02:54 [INFO] [BOE_PARALLEL_2]   Navigating to BOE search page...
2026-02-10 12:03:01 [INFO] [BOE_PARALLEL_2]   Filling dates: 2015-06-25 to 2015-07-09
2026-02-10 12:03:08 [INFO] [BOE_PARALLEL_2]   Setting 500 results per page...
2026-02-10 12:03:12 [INFO] [BOE_PARALLEL_2]   Submitting search...
2026-02-10 12:03:23 [INFO] [BOE_PARALLEL_2]   Search submitted successfully
2026-02-10 12:03:41 [WARNING] [BOE_PARALLEL_2] Could not find results container
2026-02-10 12:03:41 [INFO] [BOE_PARALLEL_2] [Scraper 2] ✓ Batch complete: Found 0, Fetched 0
2026-02-10 12:03:58 [INFO] [BOE_PARALLEL_2] 
[Scraper 2] Batch 38/49: 2015-07-10_to_2015-07-24
2026-02-10 12:04:00 [INFO] [BOE_PARALLEL_2]   Navigating to BOE search page...
2026-02-10 12:04:05 [INFO] [BOE_PARALLEL_2]   Filling dates: 2015-07-10 to 2015-07-24
2026-02-10 12:04:09 [INFO] [BOE_PARALLEL_2]   Setting 500 results per page...
2026-02-10 12:04:11 [INFO] [BOE_PARALLEL_2]   Submitting search...
2026-02-10 12:04:19 [INFO] [BOE_PARALLEL_2]   Search submitted successfully
2026-02-10 12:04:38 [WARNING] [BOE_PARALLEL_2] Could not find results container
2026-02-10 12:04:38 [INFO] [BOE_PARALLEL_2] [Scraper 2] ✓ Batch complete: Found 0, Fetched 0
2026-02-10 12:04:55 [INFO] [BOE_PARALLEL_2] 
[Scraper 2] Batch 39/49: 2015-07-25_to_2015-08-08
2026-02-10 12:04:57 [INFO] [BOE_PARALLEL_2]   Navigating to BOE search page...
2026-02-10 12:05:04 [INFO] [BOE_PARALLEL_2]   Filling dates: 2015-07-25 to 2015-08-08
2026-02-10 12:05:07 [INFO] [BOE_PARALLEL_2]   Setting 500 results per page...
2026-02-10 12:05:09 [INFO] [BOE_PARALLEL_2]   Submitting search...
2026-02-10 12:05:18 [INFO] [BOE_PARALLEL_2]   Search submitted successfully
2026-02-10 12:05:36 [WARNING] [BOE_PARALLEL_2] Could not find results container
2026-02-10 12:05:36 [INFO] [BOE_PARALLEL_2] [Scraper 2] ✓ Batch complete: Found 0, Fetched 0
2026-02-10 12:05:55 [INFO] [BOE_PARALLEL_2] 
[Scraper 2] Batch 40/49: 2015-08-09_to_2015-08-23
2026-02-10 12:05:58 [INFO] [BOE_PARALLEL_2]   Navigating to BOE search page...
2026-02-10 12:06:02 [INFO] [BOE_PARALLEL_2]   Filling dates: 2015-08-09 to 2015-08-23
2026-02-10 12:06:06 [INFO] [BOE_PARALLEL_2]   Setting 500 results per page...
2026-02-10 12:06:07 [INFO] [BOE_PARALLEL_2]   Submitting search...
2026-02-10 12:06:15 [INFO] [BOE_PARALLEL_2]   Search submitted successfully
2026-02-10 12:06:33 [WARNING] [BOE_PARALLEL_2] Could not find results container
2026-02-10 12:06:33 [INFO] [BOE_PARALLEL_2] [Scraper 2] ✓ Batch complete: Found 0, Fetched 0
2026-02-10 12:06:50 [INFO] [BOE_PARALLEL_2] 
[Scraper 2] Batch 41/49: 2015-08-24_to_2015-09-07
2026-02-10 12:06:52 [INFO] [BOE_PARALLEL_2]   Navigating to BOE search page...
2026-02-10 12:06:56 [INFO] [BOE_PARALLEL_2]   Filling dates: 2015-08-24 to 2015-09-07
2026-02-10 12:07:00 [INFO] [BOE_PARALLEL_2]   Setting 500 results per page...
2026-02-10 12:07:02 [INFO] [BOE_PARALLEL_2]   Submitting search...
2026-02-10 12:07:11 [INFO] [BOE_PARALLEL_2]   Search submitted successfully
2026-02-10 12:07:29 [WARNING] [BOE_PARALLEL_2] Could not find results container
2026-02-10 12:07:29 [INFO] [BOE_PARALLEL_2] [Scraper 2] ✓ Batch complete: Found 0, Fetched 0
2026-02-10 12:07:49 [INFO] [BOE_PARALLEL_2] 
[Scraper 2] Batch 42/49: 2015-09-08_to_2015-09-22
2026-02-10 12:07:51 [INFO] [BOE_PARALLEL_2]   Navigating to BOE search page...
2026-02-10 12:07:56 [INFO] [BOE_PARALLEL_2]   Filling dates: 2015-09-08 to 2015-09-22
2026-02-10 12:08:00 [INFO] [BOE_PARALLEL_2]   Setting 500 results per page...
2026-02-10 12:08:02 [INFO] [BOE_PARALLEL_2]   Submitting search...
2026-02-10 12:08:11 [INFO] [BOE_PARALLEL_2]   Search submitted successfully
2026-02-10 12:08:29 [WARNING] [BOE_PARALLEL_2] Could not find results container
2026-02-10 12:08:29 [INFO] [BOE_PARALLEL_2] [Scraper 2] ✓ Batch complete: Found 0, Fetched 0
2026-02-10 12:08:48 [INFO] [BOE_PARALLEL_2] 
[Scraper 2] Batch 43/49: 2015-09-23_to_2015-10-07
2026-02-10 12:08:50 [INFO] [BOE_PARALLEL_2]   Navigating to BOE search page...
2026-02-10 12:08:56 [INFO] [BOE_PARALLEL_2]   Filling dates: 2015-09-23 to 2015-10-07
2026-02-10 12:08:59 [INFO] [BOE_PARALLEL_2]   Setting 500 results per page...
2026-02-10 12:09:02 [INFO] [BOE_PARALLEL_2]   Submitting search...
2026-02-10 12:09:10 [INFO] [BOE_PARALLEL_2]   Search submitted successfully
2026-02-10 12:09:28 [WARNING] [BOE_PARALLEL_2] Could not find results container
2026-02-10 12:09:28 [INFO] [BOE_PARALLEL_2] [Scraper 2] ✓ Batch complete: Found 0, Fetched 0
2026-02-10 12:09:47 [INFO] [BOE_PARALLEL_2] 
[Scraper 2] Batch 44/49: 2015-10-08_to_2015-10-22
2026-02-10 12:09:49 [INFO] [BOE_PARALLEL_2]   Navigating to BOE search page...
2026-02-10 12:09:54 [INFO] [BOE_PARALLEL_2]   Filling dates: 2015-10-08 to 2015-10-22
2026-02-10 12:09:57 [INFO] [BOE_PARALLEL_2]   Setting 500 results per page...
2026-02-10 12:10:00 [INFO] [BOE_PARALLEL_2]   Submitting search...
2026-02-10 12:10:08 [INFO] [BOE_PARALLEL_2]   Search submitted successfully
2026-02-10 12:10:25 [WARNING] [BOE_PARALLEL_2] Could not find results container
2026-02-10 12:10:25 [INFO] [BOE_PARALLEL_2] [Scraper 2] ✓ Batch complete: Found 0, Fetched 0
2026-02-10 12:10:41 [INFO] [BOE_PARALLEL_2] 
[Scraper 2] Batch 45/49: 2015-10-23_to_2015-11-06
2026-02-10 12:10:42 [INFO] [BOE_PARALLEL_2]   Navigating to BOE search page...
2026-02-10 12:10:47 [INFO] [BOE_PARALLEL_2]   Filling dates: 2015-10-23 to 2015-11-06
2026-02-10 12:10:50 [INFO] [BOE_PARALLEL_2]   Setting 500 results per page...
2026-02-10 12:10:53 [INFO] [BOE_PARALLEL_2]   Submitting search...
2026-02-10 12:11:00 [INFO] [BOE_PARALLEL_2]   Search submitted successfully
2026-02-10 12:11:18 [WARNING] [BOE_PARALLEL_2] Could not find results container
2026-02-10 12:11:18 [INFO] [BOE_PARALLEL_2] [Scraper 2] ✓ Batch complete: Found 0, Fetched 0
2026-02-10 12:11:37 [INFO] [BOE_PARALLEL_2] 
[Scraper 2] Batch 46/49: 2015-11-07_to_2015-11-21
2026-02-10 12:11:39 [INFO] [BOE_PARALLEL_2]   Navigating to BOE search page...
2026-02-10 12:11:44 [INFO] [BOE_PARALLEL_2]   Filling dates: 2015-11-07 to 2015-11-21
2026-02-10 12:11:48 [INFO] [BOE_PARALLEL_2]   Setting 500 results per page...
2026-02-10 12:11:51 [INFO] [BOE_PARALLEL_2]   Submitting search...
2026-02-10 12:11:58 [INFO] [BOE_PARALLEL_2]   Search submitted successfully
2026-02-10 12:12:16 [WARNING] [BOE_PARALLEL_2] Could not find results container
2026-02-10 12:12:16 [INFO] [BOE_PARALLEL_2] [Scraper 2] ✓ Batch complete: Found 0, Fetched 0
2026-02-10 12:12:32 [INFO] [BOE_PARALLEL_2] 
[Scraper 2] Batch 47/49: 2015-11-22_to_2015-12-06
2026-02-10 12:12:34 [INFO] [BOE_PARALLEL_2]   Navigating to BOE search page...
2026-02-10 12:12:40 [INFO] [BOE_PARALLEL_2]   Filling dates: 2015-11-22 to 2015-12-06
2026-02-10 12:12:43 [INFO] [BOE_PARALLEL_2]   Setting 500 results per page...
2026-02-10 12:12:45 [INFO] [BOE_PARALLEL_2]   Submitting search...
2026-02-10 12:12:52 [INFO] [BOE_PARALLEL_2]   Search submitted successfully
2026-02-10 12:12:55 [INFO] [BOE_PARALLEL_2]   Page 1: 6 items
2026-02-10 12:12:55 [WARNING] [BOE_PARALLEL_2] Failed to fetch detail info for SUB-JA-2015-592: It looks like you are using Playwright Sync API inside the asyncio loop.
Please use the Async API instead.
2026-02-10 12:12:55 [INFO] Connecting to SQLite: C:\Users\D\Desktop\dnksubastas\data\database\prod.db
2026-02-10 12:12:55 [INFO] Database connection established
2026-02-10 12:12:55 [INFO] Inserted auction: SUB-JA-2015-592
2026-02-10 12:12:55 [WARNING] [BOE_PARALLEL_2] Failed to fetch detail info for SUB-JA-2015-593: It looks like you are using Playwright Sync API inside the asyncio loop.
Please use the Async API instead.
2026-02-10 12:12:55 [INFO] Inserted auction: SUB-JA-2015-593
2026-02-10 12:12:55 [WARNING] [BOE_PARALLEL_2] Failed to fetch detail info for SUB-JA-2015-605: It looks like you are using Playwright Sync API inside the asyncio loop.
Please use the Async API instead.
2026-02-10 12:12:55 [INFO] Inserted auction: SUB-JA-2015-605
2026-02-10 12:12:55 [WARNING] [BOE_PARALLEL_2] Failed to fetch detail info for SUB-JA-2015-622: It looks like you are using Playwright Sync API inside the asyncio loop.
Please use the Async API instead.
2026-02-10 12:12:55 [INFO] Inserted auction: SUB-JA-2015-622
2026-02-10 12:12:55 [WARNING] [BOE_PARALLEL_2] Failed to fetch detail info for SUB-JA-2015-648: It looks like you are using Playwright Sync API inside the asyncio loop.
Please use the Async API instead.
2026-02-10 12:12:55 [INFO] Inserted auction: SUB-JA-2015-648
2026-02-10 12:12:56 [WARNING] [BOE_PARALLEL_2] Failed to fetch detail info for SUB-JA-2015-657: It looks like you are using Playwright Sync API inside the asyncio loop.
Please use the Async API instead.
2026-02-10 12:12:56 [INFO] Inserted auction: SUB-JA-2015-657
2026-02-10 12:13:05 [INFO] [BOE_PARALLEL_2] [Scraper 2] ✓ Batch complete: Found 6, Fetched 6
2026-02-10 12:13:20 [INFO] [BOE_PARALLEL_2] 
[Scraper 2] Batch 48/49: 2015-12-07_to_2015-12-21
2026-02-10 12:13:22 [INFO] [BOE_PARALLEL_2]   Navigating to BOE search page...
2026-02-10 12:13:27 [INFO] [BOE_PARALLEL_2]   Filling dates: 2015-12-07 to 2015-12-21
2026-02-10 12:13:30 [INFO] [BOE_PARALLEL_2]   Setting 500 results per page...
2026-02-10 12:13:32 [INFO] [BOE_PARALLEL_2]   Submitting search...
2026-02-10 12:13:40 [INFO] [BOE_PARALLEL_2]   Search submitted successfully
2026-02-10 12:13:44 [INFO] [BOE_PARALLEL_2]   Page 1: 56 items
2026-02-10 12:13:44 [WARNING] [BOE_PARALLEL_2] Failed to fetch detail info for SUB-JA-2015-587: It looks like you are using Playwright Sync API inside the asyncio loop.
Please use the Async API instead.
2026-02-10 12:13:44 [INFO] Inserted auction: SUB-JA-2015-587
2026-02-10 12:13:44 [WARNING] [BOE_PARALLEL_2] Failed to fetch detail info for SUB-JA-2015-601: It looks like you are using Playwright Sync API inside the asyncio loop.
Please use the Async API instead.
2026-02-10 12:13:44 [INFO] Inserted auction: SUB-JA-2015-601
2026-02-10 12:13:44 [WARNING] [BOE_PARALLEL_2] Failed to fetch detail info for SUB-JA-2015-650: It looks like you are using Playwright Sync API inside the asyncio loop.
Please use the Async API instead.
2026-02-10 12:13:44 [INFO] Inserted auction: SUB-JA-2015-650
2026-02-10 12:13:44 [WARNING] [BOE_PARALLEL_2] Failed to fetch detail info for SUB-JA-2015-661: It looks like you are using Playwright Sync API inside the asyncio loop.
Please use the Async API instead.
2026-02-10 12:13:44 [INFO] Inserted auction: SUB-JA-2015-661
2026-02-10 12:13:44 [WARNING] [BOE_PARALLEL_2] Failed to fetch detail info for SUB-JA-2015-664: It looks like you are using Playwright Sync API inside the asyncio loop.
Please use the Async API instead.
2026-02-10 12:13:44 [INFO] Inserted auction: SUB-JA-2015-664
2026-02-10 12:13:44 [WARNING] [BOE_PARALLEL_2] Failed to fetch detail info for SUB-JA-2015-677: It looks like you are using Playwright Sync API inside the asyncio loop.
Please use the Async API instead.
2026-02-10 12:13:44 [INFO] Inserted auction: SUB-JA-2015-677
2026-02-10 12:13:44 [WARNING] [BOE_PARALLEL_2] Failed to fetch detail info for SUB-JA-2015-683: It looks like you are using Playwright Sync API inside the asyncio loop.
Please use the Async API instead.
2026-02-10 12:13:44 [INFO] Inserted auction: SUB-JA-2015-683
2026-02-10 12:13:44 [WARNING] [BOE_PARALLEL_2] Failed to fetch detail info for SUB-JA-2015-703: It looks like you are using Playwright Sync API inside the asyncio loop.
Please use the Async API instead.
2026-02-10 12:13:44 [INFO] Inserted auction: SUB-JA-2015-703
2026-02-10 12:13:44 [WARNING] [BOE_PARALLEL_2] Failed to fetch detail info for SUB-JA-2015-611: It looks like you are using Playwright Sync API inside the asyncio loop.
Please use the Async API instead.
2026-02-10 12:13:44 [INFO] Inserted auction: SUB-JA-2015-611
2026-02-10 12:13:45 [WARNING] [BOE_PARALLEL_2] Failed to fetch detail info for SUB-JA-2015-637: It looks like you are using Playwright Sync API inside the asyncio loop.
Please use the Async API instead.
2026-02-10 12:13:45 [INFO] Inserted auction: SUB-JA-2015-637
2026-02-10 12:13:46 [WARNING] [BOE_PARALLEL_2] Failed to fetch detail info for SUB-JA-2015-638: It looks like you are using Playwright Sync API inside the asyncio loop.
Please use the Async API instead.
2026-02-10 12:13:46 [INFO] Inserted auction: SUB-JA-2015-638
2026-02-10 12:13:46 [WARNING] [BOE_PARALLEL_2] Failed to fetch detail info for SUB-JA-2015-707: It looks like you are using Playwright Sync API inside the asyncio loop.
Please use the Async API instead.
2026-02-10 12:13:46 [INFO] Inserted auction: SUB-JA-2015-707
2026-02-10 12:13:47 [WARNING] [BOE_PARALLEL_2] Failed to fetch detail info for SUB-JA-2015-781: It looks like you are using Playwright Sync API inside the asyncio loop.
Please use the Async API instead.
2026-02-10 12:13:47 [INFO] Inserted auction: SUB-JA-2015-781
2026-02-10 12:13:47 [WARNING] [BOE_PARALLEL_2] Failed to fetch detail info for SUB-JA-2015-791: It looks like you are using Playwright Sync API inside the asyncio loop.
Please use the Async API instead.
2026-02-10 12:13:47 [INFO] Inserted auction: SUB-JA-2015-791
2026-02-10 12:13:47 [WARNING] [BOE_PARALLEL_2] Failed to fetch detail info for SUB-JA-2015-797: It looks like you are using Playwright Sync API inside the asyncio loop.
Please use the Async API instead.
2026-02-10 12:13:47 [INFO] Inserted auction: SUB-JA-2015-797
2026-02-10 12:13:47 [WARNING] [BOE_PARALLEL_2] Failed to fetch detail info for SUB-JA-2015-798: It looks like you are using Playwright Sync API inside the asyncio loop.
Please use the Async API instead.
2026-02-10 12:13:47 [INFO] Inserted auction: SUB-JA-2015-798
2026-02-10 12:13:47 [WARNING] [BOE_PARALLEL_2] Failed to fetch detail info for SUB-JA-2015-801: It looks like you are using Playwright Sync API inside the asyncio loop.
Please use the Async API instead.
2026-02-10 12:13:47 [INFO] Inserted auction: SUB-JA-2015-801
2026-02-10 12:13:47 [WARNING] [BOE_PARALLEL_2] Failed to fetch detail info for SUB-NV-2015-2501: It looks like you are using Playwright Sync API inside the asyncio loop.
Please use the Async API instead.
2026-02-10 12:13:47 [INFO] Inserted auction: SUB-NV-2015-2501
2026-02-10 12:13:47 [WARNING] [BOE_PARALLEL_2] Failed to fetch detail info for SUB-JA-2015-671: It looks like you are using Playwright Sync API inside the asyncio loop.
Please use the Async API instead.
2026-02-10 12:13:47 [INFO] Inserted auction: SUB-JA-2015-671
2026-02-10 12:13:47 [WARNING] [BOE_PARALLEL_2] Failed to fetch detail info for SUB-JA-2015-673: It looks like you are using Playwright Sync API inside the asyncio loop.
Please use the Async API instead.
2026-02-10 12:13:47 [INFO] Inserted auction: SUB-JA-2015-673
2026-02-10 12:13:48 [WARNING] [BOE_PARALLEL_2] Failed to fetch detail info for SUB-JA-2015-709: It looks like you are using Playwright Sync API inside the asyncio loop.
Please use the Async API instead.
2026-02-10 12:13:48 [INFO] Inserted auction: SUB-JA-2015-709
2026-02-10 12:13:49 [WARNING] [BOE_PARALLEL_2] Failed to fetch detail info for SUB-JV-2015-785: It looks like you are using Playwright Sync API inside the asyncio loop.
Please use the Async API instead.
2026-02-10 12:13:49 [INFO] Inserted auction: SUB-JV-2015-785
2026-02-10 12:13:49 [WARNING] [BOE_PARALLEL_2] Failed to fetch detail info for SUB-JA-2015-806: It looks like you are using Playwright Sync API inside the asyncio loop.
Please use the Async API instead.
2026-02-10 12:13:49 [INFO] Inserted auction: SUB-JA-2015-806
2026-02-10 12:13:49 [WARNING] [BOE_PARALLEL_2] Failed to fetch detail info for SUB-JA-2015-922: It looks like you are using Playwright Sync API inside the asyncio loop.
Please use the Async API instead.
2026-02-10 12:13:49 [INFO] Inserted auction: SUB-JA-2015-922
2026-02-10 12:13:49 [WARNING] [BOE_PARALLEL_2] Failed to fetch detail info for SUB-NV-2015-4001: It looks like you are using Playwright Sync API inside the asyncio loop.
Please use the Async API instead.
2026-02-10 12:13:49 [INFO] Inserted auction: SUB-NV-2015-4001
2026-02-10 12:13:49 [WARNING] [BOE_PARALLEL_2] Failed to fetch detail info for SUB-JA-2015-620: It looks like you are using Playwright Sync API inside the asyncio loop.
Please use the Async API instead.
2026-02-10 12:13:49 [INFO] Inserted auction: SUB-JA-2015-620
2026-02-10 12:13:49 [WARNING] [BOE_PARALLEL_2] Failed to fetch detail info for SUB-JA-2015-662: It looks like you are using Playwright Sync API inside the asyncio loop.
Please use the Async API instead.
2026-02-10 12:13:49 [INFO] Inserted auction: SUB-JA-2015-662
2026-02-10 12:13:49 [WARNING] [BOE_PARALLEL_2] Failed to fetch detail info for SUB-JA-2015-678: It looks like you are using Playwright Sync API inside the asyncio loop.
Please use the Async API instead.
2026-02-10 12:13:49 [INFO] Inserted auction: SUB-JA-2015-678
2026-02-10 12:13:49 [WARNING] [BOE_PARALLEL_2] Failed to fetch detail info for SUB-JA-2015-684: It looks like you are using Playwright Sync API inside the asyncio loop.
Please use the Async API instead.
2026-02-10 12:13:49 [INFO] Inserted auction: SUB-JA-2015-684
2026-02-10 12:13:49 [WARNING] [BOE_PARALLEL_2] Failed to fetch detail info for SUB-JA-2015-769: It looks like you are using Playwright Sync API inside the asyncio loop.
Please use the Async API instead.
2026-02-10 12:13:49 [INFO] Inserted auction: SUB-JA-2015-769
2026-02-10 12:13:50 [WARNING] [BOE_PARALLEL_2] Failed to fetch detail info for SUB-JA-2015-794: It looks like you are using Playwright Sync API inside the asyncio loop.
Please use the Async API instead.
2026-02-10 12:13:50 [INFO] Inserted auction: SUB-JA-2015-794
2026-02-10 12:13:50 [WARNING] [BOE_PARALLEL_2] Failed to fetch detail info for SUB-JA-2015-807: It looks like you are using Playwright Sync API inside the asyncio loop.
Please use the Async API instead.
2026-02-10 12:13:50 [INFO] Inserted auction: SUB-JA-2015-807
2026-02-10 12:13:50 [WARNING] [BOE_PARALLEL_2] Failed to fetch detail info for SUB-JA-2015-890: It looks like you are using Playwright Sync API inside the asyncio loop.
Please use the Async API instead.
2026-02-10 12:13:50 [INFO] Inserted auction: SUB-JA-2015-890
2026-02-10 12:13:50 [WARNING] [BOE_PARALLEL_2] Failed to fetch detail info for SUB-JV-2015-757: It looks like you are using Playwright Sync API inside the asyncio loop.
Please use the Async API instead.
2026-02-10 12:13:50 [INFO] Inserted auction: SUB-JV-2015-757
2026-02-10 12:13:50 [WARNING] [BOE_PARALLEL_2] Failed to fetch detail info for SUB-NV-2015-3001: It looks like you are using Playwright Sync API inside the asyncio loop.
Please use the Async API instead.
2026-02-10 12:13:50 [INFO] Inserted auction: SUB-NV-2015-3001
2026-02-10 12:13:50 [WARNING] [BOE_PARALLEL_2] Failed to fetch detail info for SUB-NV-2015-3501: It looks like you are using Playwright Sync API inside the asyncio loop.
Please use the Async API instead.
2026-02-10 12:13:50 [INFO] Inserted auction: SUB-NV-2015-3501
2026-02-10 12:13:50 [WARNING] [BOE_PARALLEL_2] Failed to fetch detail info for SUB-NV-2015-3502: It looks like you are using Playwright Sync API inside the asyncio loop.
Please use the Async API instead.
2026-02-10 12:13:50 [INFO] Inserted auction: SUB-NV-2015-3502
2026-02-10 12:13:51 [WARNING] [BOE_PARALLEL_2] Failed to fetch detail info for SUB-JA-2015-712: It looks like you are using Playwright Sync API inside the asyncio loop.
Please use the Async API instead.
2026-02-10 12:13:51 [INFO] Inserted auction: SUB-JA-2015-712
2026-02-10 12:13:51 [WARNING] [BOE_PARALLEL_2] Failed to fetch detail info for SUB-JA-2015-588: It looks like you are using Playwright Sync API inside the asyncio loop.
Please use the Async API instead.
2026-02-10 12:13:51 [INFO] Inserted auction: SUB-JA-2015-588
2026-02-10 12:13:51 [WARNING] [BOE_PARALLEL_2] Failed to fetch detail info for SUB-JA-2015-702: It looks like you are using Playwright Sync API inside the asyncio loop.
Please use the Async API instead.
2026-02-10 12:13:51 [INFO] Inserted auction: SUB-JA-2015-702
2026-02-10 12:13:52 [WARNING] [BOE_PARALLEL_2] Failed to fetch detail info for SUB-JA-2015-765: It looks like you are using Playwright Sync API inside the asyncio loop.
Please use the Async API instead.
2026-02-10 12:13:52 [INFO] Inserted auction: SUB-JA-2015-765
2026-02-10 12:13:52 [WARNING] [BOE_PARALLEL_2] Failed to fetch detail info for SUB-JA-2015-886: It looks like you are using Playwright Sync API inside the asyncio loop.
Please use the Async API instead.
2026-02-10 12:13:52 [INFO] Inserted auction: SUB-JA-2015-886
2026-02-10 12:13:52 [WARNING] [BOE_PARALLEL_2] Failed to fetch detail info for SUB-JA-2015-951: It looks like you are using Playwright Sync API inside the asyncio loop.
Please use the Async API instead.
2026-02-10 12:13:52 [INFO] Inserted auction: SUB-JA-2015-951
2026-02-10 12:13:52 [WARNING] [BOE_PARALLEL_2] Failed to fetch detail info for SUB-JA-2015-955: It looks like you are using Playwright Sync API inside the asyncio loop.
Please use the Async API instead.
2026-02-10 12:13:52 [INFO] Inserted auction: SUB-JA-2015-955
2026-02-10 12:13:52 [WARNING] [BOE_PARALLEL_2] Failed to fetch detail info for SUB-JA-2015-630: It looks like you are using Playwright Sync API inside the asyncio loop.
Please use the Async API instead.
2026-02-10 12:13:52 [INFO] Inserted auction: SUB-JA-2015-630
2026-02-10 12:13:52 [WARNING] [BOE_PARALLEL_2] Failed to fetch detail info for SUB-JA-2015-714: It looks like you are using Playwright Sync API inside the asyncio loop.
Please use the Async API instead.
2026-02-10 12:13:52 [INFO] Inserted auction: SUB-JA-2015-714
2026-02-10 12:13:52 [WARNING] [BOE_PARALLEL_2] Failed to fetch detail info for SUB-JA-2015-872: It looks like you are using Playwright Sync API inside the asyncio loop.
Please use the Async API instead.
2026-02-10 12:13:52 [INFO] Inserted auction: SUB-JA-2015-872
2026-02-10 12:13:52 [WARNING] [BOE_PARALLEL_2] Failed to fetch detail info for SUB-JA-2015-936: It looks like you are using Playwright Sync API inside the asyncio loop.
Please use the Async API instead.
2026-02-10 12:13:52 [INFO] Inserted auction: SUB-JA-2015-936
2026-02-10 12:13:52 [WARNING] [BOE_PARALLEL_2] Failed to fetch detail info for SUB-JA-2015-989: It looks like you are using Playwright Sync API inside the asyncio loop.
Please use the Async API instead.
2026-02-10 12:13:52 [INFO] Inserted auction: SUB-JA-2015-989
2026-02-10 12:13:52 [WARNING] [BOE_PARALLEL_2] Failed to fetch detail info for SUB-JV-2015-667: It looks like you are using Playwright Sync API inside the asyncio loop.
Please use the Async API instead.
2026-02-10 12:13:52 [INFO] Inserted auction: SUB-JV-2015-667
2026-02-10 12:13:54 [WARNING] [BOE_PARALLEL_2] Failed to fetch detail info for SUB-JA-2015-815: It looks like you are using Playwright Sync API inside the asyncio loop.
Please use the Async API instead.
2026-02-10 12:13:54 [INFO] Inserted auction: SUB-JA-2015-815
2026-02-10 12:13:54 [WARNING] [BOE_PARALLEL_2] Failed to fetch detail info for SUB-JA-2015-882: It looks like you are using Playwright Sync API inside the asyncio loop.
Please use the Async API instead.
2026-02-10 12:13:54 [INFO] Inserted auction: SUB-JA-2015-882
2026-02-10 12:13:54 [WARNING] [BOE_PARALLEL_2] Failed to fetch detail info for SUB-JA-2015-866: It looks like you are using Playwright Sync API inside the asyncio loop.
Please use the Async API instead.
2026-02-10 12:13:54 [INFO] Inserted auction: SUB-JA-2015-866
2026-02-10 12:13:54 [WARNING] [BOE_PARALLEL_2] Failed to fetch detail info for SUB-JA-2015-1079: It looks like you are using Playwright Sync API inside the asyncio loop.
Please use the Async API instead.
2026-02-10 12:13:54 [INFO] Inserted auction: SUB-JA-2015-1079
2026-02-10 12:13:54 [WARNING] [BOE_PARALLEL_2] Failed to fetch detail info for SUB-JA-2015-595: It looks like you are using Playwright Sync API inside the asyncio loop.
Please use the Async API instead.
2026-02-10 12:13:54 [INFO] Inserted auction: SUB-JA-2015-595
2026-02-10 12:13:54 [WARNING] [BOE_PARALLEL_2] Failed to fetch detail info for SUB-JA-2015-830: It looks like you are using Playwright Sync API inside the asyncio loop.
Please use the Async API instead.
2026-02-10 12:13:54 [INFO] Inserted auction: SUB-JA-2015-830
2026-02-10 12:14:03 [INFO] [BOE_PARALLEL_2] [Scraper 2] ✓ Batch complete: Found 56, Fetched 56
2026-02-10 12:14:22 [INFO] [BOE_PARALLEL_2] 
[Scraper 2] Batch 49/49: 2015-12-22_to_2015-12-31
2026-02-10 12:14:25 [INFO] [BOE_PARALLEL_2]   Navigating to BOE search page...
2026-02-10 12:14:30 [INFO] [BOE_PARALLEL_2]   Filling dates: 2015-12-22 to 2015-12-31
2026-02-10 12:14:33 [INFO] [BOE_PARALLEL_2]   Setting 500 results per page...
2026-02-10 12:14:35 [INFO] [BOE_PARALLEL_2]   Submitting search...
2026-02-10 12:14:42 [INFO] [BOE_PARALLEL_2]   Search submitted successfully
2026-02-10 12:14:45 [INFO] [BOE_PARALLEL_2]   Page 1: 58 items
2026-02-10 12:14:45 [WARNING] [BOE_PARALLEL_2] Failed to fetch detail info for SUB-JA-2015-1086: It looks like you are using Playwright Sync API inside the asyncio loop.
Please use the Async API instead.
2026-02-10 12:14:45 [INFO] Inserted auction: SUB-JA-2015-1086
2026-02-10 12:14:45 [WARNING] [BOE_PARALLEL_2] Failed to fetch detail info for SUB-JA-2015-1005: It looks like you are using Playwright Sync API inside the asyncio loop.
Please use the Async API instead.
2026-02-10 12:14:45 [INFO] Inserted auction: SUB-JA-2015-1005
2026-02-10 12:14:45 [WARNING] [BOE_PARALLEL_2] Failed to fetch detail info for SUB-JA-2015-1035: It looks like you are using Playwright Sync API inside the asyncio loop.
Please use the Async API instead.
2026-02-10 12:14:45 [INFO] Inserted auction: SUB-JA-2015-1035
2026-02-10 12:14:45 [WARNING] [BOE_PARALLEL_2] Failed to fetch detail info for SUB-JA-2015-773: It looks like you are using Playwright Sync API inside the asyncio loop.
Please use the Async API instead.
2026-02-10 12:14:45 [INFO] Inserted auction: SUB-JA-2015-773
2026-02-10 12:14:45 [WARNING] [BOE_PARALLEL_2] Failed to fetch detail info for SUB-JA-2015-896: It looks like you are using Playwright Sync API inside the asyncio loop.
Please use the Async API instead.
2026-02-10 12:14:45 [INFO] Inserted auction: SUB-JA-2015-896
2026-02-10 12:14:45 [WARNING] [BOE_PARALLEL_2] Failed to fetch detail info for SUB-JA-2015-920: It looks like you are using Playwright Sync API inside the asyncio loop.
Please use the Async API instead.
2026-02-10 12:14:45 [INFO] Inserted auction: SUB-JA-2015-920
2026-02-10 12:14:45 [WARNING] [BOE_PARALLEL_2] Failed to fetch detail info for SUB-JA-2015-939: It looks like you are using Playwright Sync API inside the asyncio loop.
Please use the Async API instead.
2026-02-10 12:14:45 [INFO] Inserted auction: SUB-JA-2015-939
2026-02-10 12:14:46 [WARNING] [BOE_PARALLEL_2] Failed to fetch detail info for SUB-JA-2015-957: It looks like you are using Playwright Sync API inside the asyncio loop.
Please use the Async API instead.
2026-02-10 12:14:46 [INFO] Inserted auction: SUB-JA-2015-957
2026-02-10 12:14:46 [WARNING] [BOE_PARALLEL_2] Failed to fetch detail info for SUB-JA-2015-958: It looks like you are using Playwright Sync API inside the asyncio loop.
Please use the Async API instead.
2026-02-10 12:14:46 [INFO] Inserted auction: SUB-JA-2015-958
2026-02-10 12:14:46 [WARNING] [BOE_PARALLEL_2] Failed to fetch detail info for SUB-JV-2015-928: It looks like you are using Playwright Sync API inside the asyncio loop.
Please use the Async API instead.
2026-02-10 12:14:46 [INFO] Inserted auction: SUB-JV-2015-928
2026-02-10 12:14:48 [WARNING] [BOE_PARALLEL_2] Failed to fetch detail info for SUB-NV-2015-5001: It looks like you are using Playwright Sync API inside the asyncio loop.
Please use the Async API instead.
2026-02-10 12:14:48 [INFO] Inserted auction: SUB-NV-2015-5001
2026-02-10 12:14:48 [WARNING] [BOE_PARALLEL_2] Failed to fetch detail info for SUB-JA-2015-1008: It looks like you are using Playwright Sync API inside the asyncio loop.
Please use the Async API instead.
2026-02-10 12:14:48 [INFO] Inserted auction: SUB-JA-2015-1008
2026-02-10 12:14:48 [WARNING] [BOE_PARALLEL_2] Failed to fetch detail info for SUB-JA-2015-1033: It looks like you are using Playwright Sync API inside the asyncio loop.
Please use the Async API instead.
2026-02-10 12:14:48 [INFO] Inserted auction: SUB-JA-2015-1033
2026-02-10 12:14:48 [WARNING] [BOE_PARALLEL_2] Failed to fetch detail info for SUB-JA-2015-954: It looks like you are using Playwright Sync API inside the asyncio loop.
Please use the Async API instead.
2026-02-10 12:14:48 [INFO] Inserted auction: SUB-JA-2015-954
2026-02-10 12:14:48 [WARNING] [BOE_PARALLEL_2] Failed to fetch detail info for SUB-JA-2015-976: It looks like you are using Playwright Sync API inside the asyncio loop.
Please use the Async API instead.
2026-02-10 12:14:48 [INFO] Inserted auction: SUB-JA-2015-976
2026-02-10 12:14:48 [WARNING] [BOE_PARALLEL_2] Failed to fetch detail info for SUB-JA-2015-979: It looks like you are using Playwright Sync API inside the asyncio loop.
Please use the Async API instead.
2026-02-10 12:14:48 [INFO] Inserted auction: SUB-JA-2015-979
2026-02-10 12:14:48 [WARNING] [BOE_PARALLEL_2] Failed to fetch detail info for SUB-JV-2015-999: It looks like you are using Playwright Sync API inside the asyncio loop.
Please use the Async API instead.
2026-02-10 12:14:48 [INFO] Inserted auction: SUB-JV-2015-999
2026-02-10 12:14:48 [WARNING] [BOE_PARALLEL_2] Failed to fetch detail info for SUB-JA-2015-1206: It looks like you are using Playwright Sync API inside the asyncio loop.
Please use the Async API instead.
2026-02-10 12:14:48 [INFO] Inserted auction: SUB-JA-2015-1206
2026-02-10 12:14:48 [WARNING] [BOE_PARALLEL_2] Failed to fetch detail info for SUB-NV-2015-5501: It looks like you are using Playwright Sync API inside the asyncio loop.
Please use the Async API instead.
2026-02-10 12:14:48 [INFO] Inserted auction: SUB-NV-2015-5501
2026-02-10 12:14:48 [WARNING] [BOE_PARALLEL_2] Failed to fetch detail info for SUB-JA-2015-988: It looks like you are using Playwright Sync API inside the asyncio loop.
Please use the Async API instead.
2026-02-10 12:14:48 [INFO] Inserted auction: SUB-JA-2015-988
2026-02-10 12:14:49 [WARNING] [BOE_PARALLEL_2] Failed to fetch detail info for SUB-JV-2015-981: It looks like you are using Playwright Sync API inside the asyncio loop.
Please use the Async API instead.
2026-02-10 12:14:49 [INFO] Inserted auction: SUB-JV-2015-981
2026-02-10 12:14:50 [WARNING] [BOE_PARALLEL_2] Failed to fetch detail info for SUB-NV-2015-6001: It looks like you are using Playwright Sync API inside the asyncio loop.
Please use the Async API instead.
2026-02-10 12:14:50 [INFO] Inserted auction: SUB-NV-2015-6001
2026-02-10 12:14:50 [WARNING] [BOE_PARALLEL_2] Failed to fetch detail info for SUB-JA-2015-1016: It looks like you are using Playwright Sync API inside the asyncio loop.
Please use the Async API instead.
2026-02-10 12:14:50 [INFO] Inserted auction: SUB-JA-2015-1016
2026-02-10 12:14:50 [WARNING] [BOE_PARALLEL_2] Failed to fetch detail info for SUB-JA-2015-1102: It looks like you are using Playwright Sync API inside the asyncio loop.
Please use the Async API instead.
2026-02-10 12:14:50 [INFO] Inserted auction: SUB-JA-2015-1102
2026-02-10 12:14:50 [WARNING] [BOE_PARALLEL_2] Failed to fetch detail info for SUB-JA-2015-1304: It looks like you are using Playwright Sync API inside the asyncio loop.
Please use the Async API instead.
2026-02-10 12:14:50 [INFO] Inserted auction: SUB-JA-2015-1304
2026-02-10 12:14:50 [WARNING] [BOE_PARALLEL_2] Failed to fetch detail info for SUB-JA-2015-623: It looks like you are using Playwright Sync API inside the asyncio loop.
Please use the Async API instead.
2026-02-10 12:14:50 [INFO] Inserted auction: SUB-JA-2015-623
2026-02-10 12:14:50 [WARNING] [BOE_PARALLEL_2] Failed to fetch detail info for SUB-JA-2015-832: It looks like you are using Playwright Sync API inside the asyncio loop.
Please use the Async API instead.
2026-02-10 12:14:50 [INFO] Inserted auction: SUB-JA-2015-832
2026-02-10 12:14:50 [WARNING] [BOE_PARALLEL_2] Failed to fetch detail info for SUB-JA-2015-859: It looks like you are using Playwright Sync API inside the asyncio loop.
Please use the Async API instead.
2026-02-10 12:14:50 [INFO] Inserted auction: SUB-JA-2015-859
2026-02-10 12:14:50 [WARNING] [BOE_PARALLEL_2] Failed to fetch detail info for SUB-JA-2015-888: It looks like you are using Playwright Sync API inside the asyncio loop.
Please use the Async API instead.
2026-02-10 12:14:50 [INFO] Inserted auction: SUB-JA-2015-888
2026-02-10 12:14:50 [WARNING] [BOE_PARALLEL_2] Failed to fetch detail info for SUB-NV-2015-7001: It looks like you are using Playwright Sync API inside the asyncio loop.
Please use the Async API instead.
2026-02-10 12:14:50 [INFO] Inserted auction: SUB-NV-2015-7001
2026-02-10 12:14:51 [WARNING] [BOE_PARALLEL_2] Failed to fetch detail info for SUB-JA-2015-1025: It looks like you are using Playwright Sync API inside the asyncio loop.
Please use the Async API instead.
2026-02-10 12:14:51 [INFO] Inserted auction: SUB-JA-2015-1025
2026-02-10 12:14:51 [WARNING] [BOE_PARALLEL_2] Failed to fetch detail info for SUB-JA-2015-1321: It looks like you are using Playwright Sync API inside the asyncio loop.
Please use the Async API instead.
2026-02-10 12:14:51 [INFO] Inserted auction: SUB-JA-2015-1321
2026-02-10 12:14:51 [WARNING] [BOE_PARALLEL_2] Failed to fetch detail info for SUB-JA-2015-1032: It looks like you are using Playwright Sync API inside the asyncio loop.
Please use the Async API instead.
2026-02-10 12:14:51 [INFO] Inserted auction: SUB-JA-2015-1032
2026-02-10 12:14:52 [WARNING] [BOE_PARALLEL_2] Failed to fetch detail info for SUB-JA-2015-1081: It looks like you are using Playwright Sync API inside the asyncio loop.
Please use the Async API instead.
2026-02-10 12:14:52 [INFO] Inserted auction: SUB-JA-2015-1081
2026-02-10 12:14:52 [WARNING] [BOE_PARALLEL_2] Failed to fetch detail info for SUB-JA-2015-1082: It looks like you are using Playwright Sync API inside the asyncio loop.
Please use the Async API instead.
2026-02-10 12:14:52 [INFO] Inserted auction: SUB-JA-2015-1082
2026-02-10 12:14:52 [WARNING] [BOE_PARALLEL_2] Failed to fetch detail info for SUB-JA-2015-1083: It looks like you are using Playwright Sync API inside the asyncio loop.
Please use the Async API instead.
2026-02-10 12:14:52 [INFO] Inserted auction: SUB-JA-2015-1083
2026-02-10 12:14:52 [WARNING] [BOE_PARALLEL_2] Failed to fetch detail info for SUB-JA-2015-1281: It looks like you are using Playwright Sync API inside the asyncio loop.
Please use the Async API instead.
2026-02-10 12:14:52 [INFO] Inserted auction: SUB-JA-2015-1281
2026-02-10 12:14:52 [WARNING] [BOE_PARALLEL_2] Failed to fetch detail info for SUB-JA-2015-1308: It looks like you are using Playwright Sync API inside the asyncio loop.
Please use the Async API instead.
2026-02-10 12:14:52 [INFO] Inserted auction: SUB-JA-2015-1308
2026-02-10 12:14:52 [WARNING] [BOE_PARALLEL_2] Failed to fetch detail info for SUB-JA-2015-1309: It looks like you are using Playwright Sync API inside the asyncio loop.
Please use the Async API instead.
2026-02-10 12:14:52 [INFO] Inserted auction: SUB-JA-2015-1309
2026-02-10 12:14:52 [WARNING] [BOE_PARALLEL_2] Failed to fetch detail info for SUB-JA-2015-789: It looks like you are using Playwright Sync API inside the asyncio loop.
Please use the Async API instead.
2026-02-10 12:14:52 [INFO] Inserted auction: SUB-JA-2015-789
2026-02-10 12:14:53 [WARNING] [BOE_PARALLEL_2] Failed to fetch detail info for SUB-JA-2015-836: It looks like you are using Playwright Sync API inside the asyncio loop.
Please use the Async API instead.
2026-02-10 12:14:53 [INFO] Inserted auction: SUB-JA-2015-836
2026-02-10 12:14:53 [WARNING] [BOE_PARALLEL_2] Failed to fetch detail info for SUB-JA-2015-983: It looks like you are using Playwright Sync API inside the asyncio loop.
Please use the Async API instead.
2026-02-10 12:14:53 [INFO] Inserted auction: SUB-JA-2015-983
2026-02-10 12:14:53 [WARNING] [BOE_PARALLEL_2] Failed to fetch detail info for SUB-JA-2015-984: It looks like you are using Playwright Sync API inside the asyncio loop.
Please use the Async API instead.
2026-02-10 12:14:53 [INFO] Inserted auction: SUB-JA-2015-984
2026-02-10 12:14:54 [WARNING] [BOE_PARALLEL_2] Failed to fetch detail info for SUB-JV-2015-1011: It looks like you are using Playwright Sync API inside the asyncio loop.
Please use the Async API instead.
2026-02-10 12:14:54 [INFO] Inserted auction: SUB-JV-2015-1011
2026-02-10 12:14:54 [WARNING] [BOE_PARALLEL_2] Failed to fetch detail info for SUB-NV-2015-6502: It looks like you are using Playwright Sync API inside the asyncio loop.
Please use the Async API instead.
2026-02-10 12:14:54 [INFO] Inserted auction: SUB-NV-2015-6502
2026-02-10 12:14:54 [WARNING] [BOE_PARALLEL_2] Failed to fetch detail info for SUB-NV-2015-7501: It looks like you are using Playwright Sync API inside the asyncio loop.
Please use the Async API instead.
2026-02-10 12:14:54 [INFO] Inserted auction: SUB-NV-2015-7501
2026-02-10 12:14:54 [WARNING] [BOE_PARALLEL_2] Failed to fetch detail info for SUB-JA-2015-1429: It looks like you are using Playwright Sync API inside the asyncio loop.
Please use the Async API instead.
2026-02-10 12:14:54 [INFO] Inserted auction: SUB-JA-2015-1429
2026-02-10 12:14:54 [WARNING] [BOE_PARALLEL_2] Failed to fetch detail info for SUB-NV-2015-8002: It looks like you are using Playwright Sync API inside the asyncio loop.
Please use the Async API instead.
2026-02-10 12:14:54 [INFO] Inserted auction: SUB-NV-2015-8002
2026-02-10 12:14:54 [WARNING] [BOE_PARALLEL_2] Failed to fetch detail info for SUB-JA-2015-1386: It looks like you are using Playwright Sync API inside the asyncio loop.
Please use the Async API instead.
2026-02-10 12:14:54 [INFO] Inserted auction: SUB-JA-2015-1386
2026-02-10 12:14:54 [WARNING] [BOE_PARALLEL_2] Failed to fetch detail info for SUB-JA-2015-1395: It looks like you are using Playwright Sync API inside the asyncio loop.
Please use the Async API instead.
2026-02-10 12:14:54 [INFO] Inserted auction: SUB-JA-2015-1395
2026-02-10 12:14:56 [WARNING] [BOE_PARALLEL_2] Failed to fetch detail info for SUB-JA-2015-1010: It looks like you are using Playwright Sync API inside the asyncio loop.
Please use the Async API instead.
2026-02-10 12:14:56 [INFO] Inserted auction: SUB-JA-2015-1010
2026-02-10 12:14:56 [WARNING] [BOE_PARALLEL_2] Failed to fetch detail info for SUB-JA-2015-1103: It looks like you are using Playwright Sync API inside the asyncio loop.
Please use the Async API instead.
2026-02-10 12:14:56 [INFO] Inserted auction: SUB-JA-2015-1103
2026-02-10 12:14:56 [WARNING] [BOE_PARALLEL_2] Failed to fetch detail info for SUB-JA-2015-1217: It looks like you are using Playwright Sync API inside the asyncio loop.
Please use the Async API instead.
2026-02-10 12:14:56 [INFO] Inserted auction: SUB-JA-2015-1217
2026-02-10 12:14:56 [WARNING] [BOE_PARALLEL_2] Failed to fetch detail info for SUB-JA-2015-982: It looks like you are using Playwright Sync API inside the asyncio loop.
Please use the Async API instead.
2026-02-10 12:14:56 [INFO] Inserted auction: SUB-JA-2015-982
2026-02-10 12:14:56 [WARNING] [BOE_PARALLEL_2] Failed to fetch detail info for SUB-NV-2015-8001: It looks like you are using Playwright Sync API inside the asyncio loop.
Please use the Async API instead.
2026-02-10 12:14:56 [INFO] Inserted auction: SUB-NV-2015-8001
2026-02-10 12:14:56 [WARNING] [BOE_PARALLEL_2] Failed to fetch detail info for SUB-NV-2015-8003: It looks like you are using Playwright Sync API inside the asyncio loop.
Please use the Async API instead.
2026-02-10 12:14:56 [INFO] Inserted auction: SUB-NV-2015-8003
2026-02-10 12:14:56 [WARNING] [BOE_PARALLEL_2] Failed to fetch detail info for SUB-NV-2015-8501: It looks like you are using Playwright Sync API inside the asyncio loop.
Please use the Async API instead.
2026-02-10 12:14:56 [INFO] Inserted auction: SUB-NV-2015-8501
2026-02-10 12:14:56 [WARNING] [BOE_PARALLEL_2] Failed to fetch detail info for SUB-JA-2015-1423: It looks like you are using Playwright Sync API inside the asyncio loop.
Please use the Async API instead.
2026-02-10 12:14:56 [INFO] Inserted auction: SUB-JA-2015-1423
2026-02-10 12:15:07 [INFO] [BOE_PARALLEL_2] [Scraper 2] ✓ Batch complete: Found 58, Fetched 58
2026-02-10 12:15:07 [INFO] [BOE_PARALLEL_2] 
[Scraper 2] COMPLETE: 36,470 auctions
2026-02-10 12:15:08 [INFO] [BOE_PARALLEL_2] [Scraper 2] Closed browser
2026-02-10 12:15:08 [INFO] Closing all browser resources...
2026-02-10 12:15:08 [INFO] All browser resources closed
