[2026-02-12 10:58:31,342] INFO: [Scraper 2] Starting: 49 batches
[2026-02-12 10:58:31,345] INFO: [Scraper 2] Range: 2018-01-01 to 2019-12-31
[2026-02-12 10:58:31,345] INFO: [Scraper 2] Skipping 2018-01-01_to_2018-01-15 (completed)
[2026-02-12 10:58:31,345] INFO: [Scraper 2] Skipping 2018-01-16_to_2018-01-30 (completed)
[2026-02-12 10:58:31,347] INFO: [Scraper 2] Skipping 2018-01-31_to_2018-02-14 (completed)
[2026-02-12 10:58:31,347] INFO: [Scraper 2] Skipping 2018-02-15_to_2018-03-01 (completed)
[2026-02-12 10:58:31,347] INFO: [Scraper 2] Skipping 2018-03-02_to_2018-03-16 (completed)
[2026-02-12 10:58:31,363] INFO: [Scraper 2] Skipping 2018-03-17_to_2018-03-31 (completed)
[2026-02-12 10:58:31,363] INFO: [Scraper 2] Skipping 2018-04-01_to_2018-04-15 (completed)
[2026-02-12 10:58:31,363] INFO: [Scraper 2] Skipping 2018-04-16_to_2018-04-30 (completed)
[2026-02-12 10:58:31,363] INFO: [Scraper 2] Skipping 2018-05-01_to_2018-05-15 (completed)
[2026-02-12 10:58:31,363] INFO: [Scraper 2] Skipping 2018-05-16_to_2018-05-30 (completed)
[2026-02-12 10:58:31,363] INFO: [Scraper 2] Skipping 2018-05-31_to_2018-06-14 (completed)
[2026-02-12 10:58:31,363] INFO: [Scraper 2] Skipping 2018-06-15_to_2018-06-29 (completed)
[2026-02-12 10:58:31,363] INFO: [Scraper 2] Skipping 2018-06-30_to_2018-07-14 (completed)
[2026-02-12 10:58:31,363] INFO: [Scraper 2] Skipping 2018-07-15_to_2018-07-29 (completed)
[2026-02-12 10:58:31,363] INFO: [Scraper 2] Skipping 2018-07-30_to_2018-08-13 (completed)
[2026-02-12 10:58:31,363] INFO: [Scraper 2] Skipping 2018-08-14_to_2018-08-28 (completed)
[2026-02-12 10:58:31,363] INFO: [Scraper 2] Skipping 2018-08-29_to_2018-09-12 (completed)
[2026-02-12 10:58:31,363] INFO: [Scraper 2] Skipping 2018-09-13_to_2018-09-27 (completed)
[2026-02-12 10:58:31,363] INFO: [Scraper 2] Skipping 2018-09-28_to_2018-10-12 (completed)
[2026-02-12 10:58:31,363] INFO: [Scraper 2] Skipping 2018-10-13_to_2018-10-27 (completed)
[2026-02-12 10:58:31,363] INFO: [Scraper 2] Skipping 2018-10-28_to_2018-11-11 (completed)
[2026-02-12 10:58:31,363] INFO: [Scraper 2] Skipping 2018-11-12_to_2018-11-26 (completed)
[2026-02-12 10:58:31,363] INFO: [Scraper 2] Skipping 2018-11-27_to_2018-12-11 (completed)
[2026-02-12 10:58:31,363] INFO: [Scraper 2] Skipping 2018-12-12_to_2018-12-26 (completed)
[2026-02-12 10:58:31,363] INFO: [Scraper 2] Skipping 2018-12-27_to_2019-01-10 (completed)
[2026-02-12 10:58:31,363] INFO: [Scraper 2] Skipping 2019-01-11_to_2019-01-25 (completed)
[2026-02-12 10:58:31,363] INFO: [Scraper 2] Skipping 2019-01-26_to_2019-02-09 (completed)
[2026-02-12 10:58:31,363] INFO: [Scraper 2] Skipping 2019-02-10_to_2019-02-24 (completed)
[2026-02-12 10:58:31,363] INFO: [Scraper 2] Skipping 2019-02-25_to_2019-03-11 (completed)
[2026-02-12 10:58:31,363] INFO: [Scraper 2] Skipping 2019-03-12_to_2019-03-26 (completed)
[2026-02-12 10:58:31,363] INFO: [Scraper 2] Skipping 2019-03-27_to_2019-04-10 (completed)
[2026-02-12 10:58:31,363] INFO: [Scraper 2] Skipping 2019-04-11_to_2019-04-25 (completed)
[2026-02-12 10:58:31,363] INFO: [Scraper 2] Skipping 2019-04-26_to_2019-05-10 (completed)
[2026-02-12 10:58:31,363] INFO: [Scraper 2] Skipping 2019-05-11_to_2019-05-25 (completed)
[2026-02-12 10:58:31,363] INFO: [Scraper 2] Skipping 2019-05-26_to_2019-06-09 (completed)
[2026-02-12 10:58:31,363] INFO: [Scraper 2] Skipping 2019-06-10_to_2019-06-24 (completed)
[2026-02-12 10:58:31,363] INFO: [Scraper 2] Skipping 2019-06-25_to_2019-07-09 (completed)
[2026-02-12 10:58:31,363] INFO: [Scraper 2] Skipping 2019-07-10_to_2019-07-24 (completed)
[2026-02-12 10:58:31,363] INFO: [Scraper 2] Skipping 2019-07-25_to_2019-08-08 (completed)
[2026-02-12 10:58:31,363] INFO: [Scraper 2] Skipping 2019-08-09_to_2019-08-23 (completed)
[2026-02-12 10:58:31,363] INFO: [Scraper 2] Skipping 2019-08-24_to_2019-09-07 (completed)
[2026-02-12 10:58:31,363] INFO: [Scraper 2] Skipping 2019-09-08_to_2019-09-22 (completed)
[2026-02-12 10:58:31,370] INFO: [Scraper 2] Skipping 2019-09-23_to_2019-10-07 (completed)
[2026-02-12 10:58:31,370] INFO: [Scraper 2] Skipping 2019-10-08_to_2019-10-22 (completed)
[2026-02-12 10:58:31,371] INFO: [Scraper 2] Skipping 2019-10-23_to_2019-11-06 (completed)
[2026-02-12 10:58:31,373] INFO: [Scraper 2] Skipping 2019-11-07_to_2019-11-21 (completed)
[2026-02-12 10:58:31,373] INFO: [Scraper 2] Skipping 2019-11-22_to_2019-12-06 (completed)
[2026-02-12 10:58:31,373] INFO: [Scraper 2] Skipping 2019-12-07_to_2019-12-21 (completed)
[2026-02-12 10:58:31,373] INFO: [Scraper 2] Skipping 2019-12-22_to_2019-12-31 (completed)
[2026-02-12 10:58:31,374] INFO: [Scraper 2] 
COMPLETE: Updated 0 auctions
