[2026-02-12 10:58:31,764] INFO: [Scraper 3] Starting: 49 batches
[2026-02-12 10:58:31,764] INFO: [Scraper 3] Range: 2020-01-01 to 2021-12-31
[2026-02-12 10:58:31,764] INFO: [Scraper 3] Skipping 2020-01-01_to_2020-01-15 (completed)
[2026-02-12 10:58:31,764] INFO: [Scraper 3] Skipping 2020-01-16_to_2020-01-30 (completed)
[2026-02-12 10:58:31,764] INFO: [Scraper 3] Skipping 2020-01-31_to_2020-02-14 (completed)
[2026-02-12 10:58:31,764] INFO: [Scraper 3] Skipping 2020-02-15_to_2020-02-29 (completed)
[2026-02-12 10:58:31,764] INFO: [Scraper 3] Skipping 2020-03-01_to_2020-03-15 (completed)
[2026-02-12 10:58:31,782] INFO: [Scraper 3] Skipping 2020-03-16_to_2020-03-30 (completed)
[2026-02-12 10:58:31,784] INFO: [Scraper 3] Skipping 2020-03-31_to_2020-04-14 (completed)
[2026-02-12 10:58:31,784] INFO: [Scraper 3] Skipping 2020-04-15_to_2020-04-29 (completed)
[2026-02-12 10:58:31,784] INFO: [Scraper 3] Skipping 2020-04-30_to_2020-05-14 (completed)
[2026-02-12 10:58:31,784] INFO: [Scraper 3] Skipping 2020-05-15_to_2020-05-29 (completed)
[2026-02-12 10:58:31,784] INFO: [Scraper 3] Skipping 2020-05-30_to_2020-06-13 (completed)
[2026-02-12 10:58:31,784] INFO: [Scraper 3] Skipping 2020-06-14_to_2020-06-28 (completed)
[2026-02-12 10:58:31,784] INFO: [Scraper 3] Skipping 2020-06-29_to_2020-07-13 (completed)
[2026-02-12 10:58:31,784] INFO: [Scraper 3] Skipping 2020-07-14_to_2020-07-28 (completed)
[2026-02-12 10:58:31,786] INFO: [Scraper 3] Skipping 2020-07-29_to_2020-08-12 (completed)
[2026-02-12 10:58:31,786] INFO: [Scraper 3] Skipping 2020-08-13_to_2020-08-27 (completed)
[2026-02-12 10:58:31,792] INFO: [Scraper 3] Skipping 2020-08-28_to_2020-09-11 (completed)
[2026-02-12 10:58:31,798] INFO: [Scraper 3] Skipping 2020-09-12_to_2020-09-26 (completed)
[2026-02-12 10:58:31,798] INFO: [Scraper 3] Skipping 2020-09-27_to_2020-10-11 (completed)
[2026-02-12 10:58:31,799] INFO: [Scraper 3] Skipping 2020-10-12_to_2020-10-26 (completed)
[2026-02-12 10:58:31,808] INFO: [Scraper 3] Skipping 2020-10-27_to_2020-11-10 (completed)
[2026-02-12 10:58:31,808] INFO: [Scraper 3] Skipping 2020-11-11_to_2020-11-25 (completed)
[2026-02-12 10:58:31,810] INFO: [Scraper 3] Skipping 2020-11-26_to_2020-12-10 (completed)
[2026-02-12 10:58:31,810] INFO: [Scraper 3] Skipping 2020-12-11_to_2020-12-25 (completed)
[2026-02-12 10:58:31,811] INFO: [Scraper 3] Skipping 2020-12-26_to_2021-01-09 (completed)
[2026-02-12 10:58:31,812] INFO: [Scraper 3] Skipping 2021-01-10_to_2021-01-24 (completed)
[2026-02-12 10:58:31,812] INFO: [Scraper 3] Skipping 2021-01-25_to_2021-02-08 (completed)
[2026-02-12 10:58:31,812] INFO: [Scraper 3] Skipping 2021-02-09_to_2021-02-23 (completed)
[2026-02-12 10:58:31,812] INFO: [Scraper 3] Skipping 2021-02-24_to_2021-03-10 (completed)
[2026-02-12 10:58:31,812] INFO: [Scraper 3] Skipping 2021-03-11_to_2021-03-25 (completed)
[2026-02-12 10:58:31,812] INFO: [Scraper 3] Skipping 2021-03-26_to_2021-04-09 (completed)
[2026-02-12 10:58:31,812] INFO: [Scraper 3] Skipping 2021-04-10_to_2021-04-24 (completed)
[2026-02-12 10:58:31,812] INFO: [Scraper 3] Skipping 2021-04-25_to_2021-05-09 (completed)
[2026-02-12 10:58:31,812] INFO: [Scraper 3] Skipping 2021-05-10_to_2021-05-24 (completed)
[2026-02-12 10:58:31,812] INFO: [Scraper 3] Skipping 2021-05-25_to_2021-06-08 (completed)
[2026-02-12 10:58:31,812] INFO: [Scraper 3] Skipping 2021-06-09_to_2021-06-23 (completed)
[2026-02-12 10:58:31,812] INFO: [Scraper 3] Skipping 2021-06-24_to_2021-07-08 (completed)
[2026-02-12 10:58:31,812] INFO: [Scraper 3] Skipping 2021-07-09_to_2021-07-23 (completed)
[2026-02-12 10:58:31,812] INFO: [Scraper 3] Skipping 2021-07-24_to_2021-08-07 (completed)
[2026-02-12 10:58:31,812] INFO: [Scraper 3] Skipping 2021-08-08_to_2021-08-22 (completed)
[2026-02-12 10:58:31,812] INFO: [Scraper 3] Skipping 2021-08-23_to_2021-09-06 (completed)
[2026-02-12 10:58:31,812] INFO: [Scraper 3] Skipping 2021-09-07_to_2021-09-21 (completed)
[2026-02-12 10:58:31,812] INFO: [Scraper 3] Skipping 2021-09-22_to_2021-10-06 (completed)
[2026-02-12 10:58:31,812] INFO: [Scraper 3] Skipping 2021-10-07_to_2021-10-21 (completed)
[2026-02-12 10:58:31,812] INFO: [Scraper 3] Skipping 2021-10-22_to_2021-11-05 (completed)
[2026-02-12 10:58:31,812] INFO: [Scraper 3] Skipping 2021-11-06_to_2021-11-20 (completed)
[2026-02-12 10:58:31,812] INFO: [Scraper 3] Skipping 2021-11-21_to_2021-12-05 (completed)
[2026-02-12 10:58:31,812] INFO: [Scraper 3] Skipping 2021-12-06_to_2021-12-20 (completed)
[2026-02-12 10:58:31,812] INFO: [Scraper 3] Skipping 2021-12-21_to_2021-12-31 (completed)
[2026-02-12 10:58:31,812] INFO: [Scraper 3] 
COMPLETE: Updated 0 auctions
