[2026-02-12 10:58:32,317] INFO: [Scraper 4] Starting: 49 batches
[2026-02-12 10:58:32,317] INFO: [Scraper 4] Range: 2022-01-01 to 2023-12-31
[2026-02-12 10:58:32,317] INFO: [Scraper 4] Skipping 2022-01-01_to_2022-01-15 (completed)
[2026-02-12 10:58:32,319] INFO: [Scraper 4] Skipping 2022-01-16_to_2022-01-30 (completed)
[2026-02-12 10:58:32,319] INFO: [Scraper 4] Skipping 2022-01-31_to_2022-02-14 (completed)
[2026-02-12 10:58:32,319] INFO: [Scraper 4] Skipping 2022-02-15_to_2022-03-01 (completed)
[2026-02-12 10:58:32,319] INFO: [Scraper 4] Skipping 2022-03-02_to_2022-03-16 (completed)
[2026-02-12 10:58:32,336] INFO: [Scraper 4] Skipping 2022-03-17_to_2022-03-31 (completed)
[2026-02-12 10:58:32,336] INFO: [Scraper 4] Skipping 2022-04-01_to_2022-04-15 (completed)
[2026-02-12 10:58:32,336] INFO: [Scraper 4] Skipping 2022-04-16_to_2022-04-30 (completed)
[2026-02-12 10:58:32,336] INFO: [Scraper 4] Skipping 2022-05-01_to_2022-05-15 (completed)
[2026-02-12 10:58:32,336] INFO: [Scraper 4] Skipping 2022-05-16_to_2022-05-30 (completed)
[2026-02-12 10:58:32,339] INFO: [Scraper 4] Skipping 2022-05-31_to_2022-06-14 (completed)
[2026-02-12 10:58:32,341] INFO: [Scraper 4] Skipping 2022-06-15_to_2022-06-29 (completed)
[2026-02-12 10:58:32,341] INFO: [Scraper 4] Skipping 2022-06-30_to_2022-07-14 (completed)
[2026-02-12 10:58:32,343] INFO: [Scraper 4] Skipping 2022-07-15_to_2022-07-29 (completed)
[2026-02-12 10:58:32,343] INFO: [Scraper 4] Skipping 2022-07-30_to_2022-08-13 (completed)
[2026-02-12 10:58:32,343] INFO: [Scraper 4] Skipping 2022-08-14_to_2022-08-28 (completed)
[2026-02-12 10:58:32,343] INFO: [Scraper 4] Skipping 2022-08-29_to_2022-09-12 (completed)
[2026-02-12 10:58:32,343] INFO: [Scraper 4] Skipping 2022-09-13_to_2022-09-27 (completed)
[2026-02-12 10:58:32,343] INFO: [Scraper 4] Skipping 2022-09-28_to_2022-10-12 (completed)
[2026-02-12 10:58:32,343] INFO: [Scraper 4] Skipping 2022-10-13_to_2022-10-27 (completed)
[2026-02-12 10:58:32,343] INFO: [Scraper 4] Skipping 2022-10-28_to_2022-11-11 (completed)
[2026-02-12 10:58:32,343] INFO: [Scraper 4] Skipping 2022-11-12_to_2022-11-26 (completed)
[2026-02-12 10:58:32,343] INFO: [Scraper 4] Skipping 2022-11-27_to_2022-12-11 (completed)
[2026-02-12 10:58:32,343] INFO: [Scraper 4] Skipping 2022-12-12_to_2022-12-26 (completed)
[2026-02-12 10:58:32,343] INFO: [Scraper 4] Skipping 2022-12-27_to_2023-01-10 (completed)
[2026-02-12 10:58:32,343] INFO: [Scraper 4] Skipping 2023-01-11_to_2023-01-25 (completed)
[2026-02-12 10:58:32,343] INFO: [Scraper 4] Skipping 2023-01-26_to_2023-02-09 (completed)
[2026-02-12 10:58:32,343] INFO: [Scraper 4] Skipping 2023-02-10_to_2023-02-24 (completed)
[2026-02-12 10:58:32,343] INFO: [Scraper 4] Skipping 2023-02-25_to_2023-03-11 (completed)
[2026-02-12 10:58:32,343] INFO: [Scraper 4] Skipping 2023-03-12_to_2023-03-26 (completed)
[2026-02-12 10:58:32,343] INFO: [Scraper 4] Skipping 2023-03-27_to_2023-04-10 (completed)
[2026-02-12 10:58:32,343] INFO: [Scraper 4] Skipping 2023-04-11_to_2023-04-25 (completed)
[2026-02-12 10:58:32,349] INFO: [Scraper 4] Skipping 2023-04-26_to_2023-05-10 (completed)
[2026-02-12 10:58:32,350] INFO: [Scraper 4] Skipping 2023-05-11_to_2023-05-25 (completed)
[2026-02-12 10:58:32,350] INFO: [Scraper 4] Skipping 2023-05-26_to_2023-06-09 (completed)
[2026-02-12 10:58:32,350] INFO: [Scraper 4] Skipping 2023-06-10_to_2023-06-24 (completed)
[2026-02-12 10:58:32,350] INFO: [Scraper 4] Skipping 2023-06-25_to_2023-07-09 (completed)
[2026-02-12 10:58:32,350] INFO: [Scraper 4] Skipping 2023-07-10_to_2023-07-24 (completed)
[2026-02-12 10:58:32,350] INFO: [Scraper 4] Skipping 2023-07-25_to_2023-08-08 (completed)
[2026-02-12 10:58:32,350] INFO: [Scraper 4] Skipping 2023-08-09_to_2023-08-23 (completed)
[2026-02-12 10:58:32,351] INFO: [Scraper 4] Skipping 2023-08-24_to_2023-09-07 (completed)
[2026-02-12 10:58:32,351] INFO: [Scraper 4] Skipping 2023-09-08_to_2023-09-22 (completed)
[2026-02-12 10:58:32,352] INFO: [Scraper 4] Skipping 2023-09-23_to_2023-10-07 (completed)
[2026-02-12 10:58:32,352] INFO: [Scraper 4] Skipping 2023-10-08_to_2023-10-22 (completed)
[2026-02-12 10:58:32,352] INFO: [Scraper 4] Skipping 2023-10-23_to_2023-11-06 (completed)
[2026-02-12 10:58:32,354] INFO: [Scraper 4] Skipping 2023-11-07_to_2023-11-21 (completed)
[2026-02-12 10:58:32,354] INFO: [Scraper 4] Skipping 2023-11-22_to_2023-12-06 (completed)
[2026-02-12 10:58:32,354] INFO: [Scraper 4] Skipping 2023-12-07_to_2023-12-21 (completed)
[2026-02-12 10:58:32,362] INFO: [Scraper 4] Skipping 2023-12-22_to_2023-12-31 (completed)
[2026-02-12 10:58:32,362] INFO: [Scraper 4] 
COMPLETE: Updated 5 auctions
