[2026-02-12 10:58:30,601] INFO: [Scraper 1] Starting: 74 batches
[2026-02-12 10:58:30,601] INFO: [Scraper 1] Range: 2015-01-01 to 2017-12-31
[2026-02-12 10:58:30,601] INFO: [Scraper 1] Skipping 2015-01-01_to_2015-01-15 (completed)
[2026-02-12 10:58:30,602] INFO: [Scraper 1] Skipping 2015-01-16_to_2015-01-30 (completed)
[2026-02-12 10:58:30,602] INFO: [Scraper 1] Skipping 2015-01-31_to_2015-02-14 (completed)
[2026-02-12 10:58:30,602] INFO: [Scraper 1] Skipping 2015-02-15_to_2015-03-01 (completed)
[2026-02-12 10:58:30,602] INFO: [Scraper 1] Skipping 2015-03-02_to_2015-03-16 (completed)
[2026-02-12 10:58:30,602] INFO: [Scraper 1] Skipping 2015-03-17_to_2015-03-31 (completed)
[2026-02-12 10:58:30,602] INFO: [Scraper 1] Skipping 2015-04-01_to_2015-04-15 (completed)
[2026-02-12 10:58:30,602] INFO: [Scraper 1] Skipping 2015-04-16_to_2015-04-30 (completed)
[2026-02-12 10:58:30,604] INFO: [Scraper 1] Skipping 2015-05-01_to_2015-05-15 (completed)
[2026-02-12 10:58:30,604] INFO: [Scraper 1] Skipping 2015-05-16_to_2015-05-30 (completed)
[2026-02-12 10:58:30,604] INFO: [Scraper 1] Skipping 2015-05-31_to_2015-06-14 (completed)
[2026-02-12 10:58:30,605] INFO: [Scraper 1] Skipping 2015-06-15_to_2015-06-29 (completed)
[2026-02-12 10:58:30,605] INFO: [Scraper 1] Skipping 2015-06-30_to_2015-07-14 (completed)
[2026-02-12 10:58:30,605] INFO: [Scraper 1] Skipping 2015-07-15_to_2015-07-29 (completed)
[2026-02-12 10:58:30,605] INFO: [Scraper 1] Skipping 2015-07-30_to_2015-08-13 (completed)
[2026-02-12 10:58:30,606] INFO: [Scraper 1] Skipping 2015-08-14_to_2015-08-28 (completed)
[2026-02-12 10:58:30,606] INFO: [Scraper 1] Skipping 2015-08-29_to_2015-09-12 (completed)
[2026-02-12 10:58:30,606] INFO: [Scraper 1] Skipping 2015-09-13_to_2015-09-27 (completed)
[2026-02-12 10:58:30,606] INFO: [Scraper 1] Skipping 2015-09-28_to_2015-10-12 (completed)
[2026-02-12 10:58:30,606] INFO: [Scraper 1] Skipping 2015-10-13_to_2015-10-27 (completed)
[2026-02-12 10:58:30,606] INFO: [Scraper 1] Skipping 2015-10-28_to_2015-11-11 (completed)
[2026-02-12 10:58:30,608] INFO: [Scraper 1] Skipping 2015-11-12_to_2015-11-26 (completed)
[2026-02-12 10:58:30,608] INFO: [Scraper 1] Skipping 2015-11-27_to_2015-12-11 (completed)
[2026-02-12 10:58:30,608] INFO: [Scraper 1] Skipping 2015-12-12_to_2015-12-26 (completed)
[2026-02-12 10:58:30,609] INFO: [Scraper 1] Skipping 2015-12-27_to_2016-01-10 (completed)
[2026-02-12 10:58:30,609] INFO: [Scraper 1] Skipping 2016-01-11_to_2016-01-25 (completed)
[2026-02-12 10:58:30,609] INFO: [Scraper 1] Skipping 2016-01-26_to_2016-02-09 (completed)
[2026-02-12 10:58:30,609] INFO: [Scraper 1] Skipping 2016-02-10_to_2016-02-24 (completed)
[2026-02-12 10:58:30,609] INFO: [Scraper 1] Skipping 2016-02-25_to_2016-03-10 (completed)
[2026-02-12 10:58:30,609] INFO: [Scraper 1] Skipping 2016-03-11_to_2016-03-25 (completed)
[2026-02-12 10:58:30,609] INFO: [Scraper 1] Skipping 2016-03-26_to_2016-04-09 (completed)
[2026-02-12 10:58:30,609] INFO: [Scraper 1] Skipping 2016-04-10_to_2016-04-24 (completed)
[2026-02-12 10:58:30,609] INFO: [Scraper 1] Skipping 2016-04-25_to_2016-05-09 (completed)
[2026-02-12 10:58:30,609] INFO: [Scraper 1] Skipping 2016-05-10_to_2016-05-24 (completed)
[2026-02-12 10:58:30,609] INFO: [Scraper 1] Skipping 2016-05-25_to_2016-06-08 (completed)
[2026-02-12 10:58:30,609] INFO: [Scraper 1] Skipping 2016-06-09_to_2016-06-23 (completed)
[2026-02-12 10:58:30,609] INFO: [Scraper 1] Skipping 2016-06-24_to_2016-07-08 (completed)
[2026-02-12 10:58:30,611] INFO: [Scraper 1] Skipping 2016-07-09_to_2016-07-23 (completed)
[2026-02-12 10:58:30,612] INFO: [Scraper 1] Skipping 2016-07-24_to_2016-08-07 (completed)
[2026-02-12 10:58:30,612] INFO: [Scraper 1] Skipping 2016-08-08_to_2016-08-22 (completed)
[2026-02-12 10:58:30,613] INFO: [Scraper 1] Skipping 2016-08-23_to_2016-09-06 (completed)
[2026-02-12 10:58:30,613] INFO: [Scraper 1] Skipping 2016-09-07_to_2016-09-21 (completed)
[2026-02-12 10:58:30,613] INFO: [Scraper 1] Skipping 2016-09-22_to_2016-10-06 (completed)
[2026-02-12 10:58:30,613] INFO: [Scraper 1] Skipping 2016-10-07_to_2016-10-21 (completed)
[2026-02-12 10:58:30,613] INFO: [Scraper 1] Skipping 2016-10-22_to_2016-11-05 (completed)
[2026-02-12 10:58:30,613] INFO: [Scraper 1] Skipping 2016-11-06_to_2016-11-20 (completed)
[2026-02-12 10:58:30,613] INFO: [Scraper 1] Skipping 2016-11-21_to_2016-12-05 (completed)
[2026-02-12 10:58:30,613] INFO: [Scraper 1] Skipping 2016-12-06_to_2016-12-20 (completed)
[2026-02-12 10:58:30,613] INFO: [Scraper 1] Skipping 2016-12-21_to_2017-01-04 (completed)
[2026-02-12 10:58:30,613] INFO: [Scraper 1] Skipping 2017-01-05_to_2017-01-19 (completed)
[2026-02-12 10:58:30,613] INFO: [Scraper 1] Skipping 2017-01-20_to_2017-02-03 (completed)
[2026-02-12 10:58:30,613] INFO: [Scraper 1] Skipping 2017-02-04_to_2017-02-18 (completed)
[2026-02-12 10:58:30,613] INFO: [Scraper 1] Skipping 2017-02-19_to_2017-03-05 (completed)
[2026-02-12 10:58:30,613] INFO: [Scraper 1] Skipping 2017-03-06_to_2017-03-20 (completed)
[2026-02-12 10:58:30,613] INFO: [Scraper 1] Skipping 2017-03-21_to_2017-04-04 (completed)
[2026-02-12 10:58:30,613] INFO: [Scraper 1] Skipping 2017-04-05_to_2017-04-19 (completed)
[2026-02-12 10:58:30,613] INFO: [Scraper 1] Skipping 2017-04-20_to_2017-05-04 (completed)
[2026-02-12 10:58:30,613] INFO: [Scraper 1] Skipping 2017-05-05_to_2017-05-19 (completed)
[2026-02-12 10:58:30,613] INFO: [Scraper 1] Skipping 2017-05-20_to_2017-06-03 (completed)
[2026-02-12 10:58:30,613] INFO: [Scraper 1] Skipping 2017-06-04_to_2017-06-18 (completed)
[2026-02-12 10:58:30,613] INFO: [Scraper 1] Skipping 2017-06-19_to_2017-07-03 (completed)
[2026-02-12 10:58:30,617] INFO: [Scraper 1] Skipping 2017-07-04_to_2017-07-18 (completed)
[2026-02-12 10:58:30,617] INFO: [Scraper 1] Skipping 2017-07-19_to_2017-08-02 (completed)
[2026-02-12 10:58:30,617] INFO: [Scraper 1] Skipping 2017-08-03_to_2017-08-17 (completed)
[2026-02-12 10:58:30,618] INFO: [Scraper 1] Skipping 2017-08-18_to_2017-09-01 (completed)
[2026-02-12 10:58:30,618] INFO: [Scraper 1] Skipping 2017-09-02_to_2017-09-16 (completed)
[2026-02-12 10:58:30,618] INFO: [Scraper 1] Skipping 2017-09-17_to_2017-10-01 (completed)
[2026-02-12 10:58:30,618] INFO: [Scraper 1] Skipping 2017-10-02_to_2017-10-16 (completed)
[2026-02-12 10:58:30,618] INFO: [Scraper 1] Skipping 2017-10-17_to_2017-10-31 (completed)
[2026-02-12 10:58:30,618] INFO: [Scraper 1] Skipping 2017-11-01_to_2017-11-15 (completed)
[2026-02-12 10:58:30,618] INFO: [Scraper 1] Skipping 2017-11-16_to_2017-11-30 (completed)
[2026-02-12 10:58:30,618] INFO: [Scraper 1] Skipping 2017-12-01_to_2017-12-15 (completed)
[2026-02-12 10:58:30,618] INFO: [Scraper 1] Skipping 2017-12-16_to_2017-12-30 (completed)
[2026-02-12 10:58:30,618] INFO: [Scraper 1] Skipping 2017-12-31_to_2017-12-31 (completed)
[2026-02-12 10:58:30,618] INFO: [Scraper 1] 
COMPLETE: Updated 0 auctions
