[2026-02-12 10:58:32,909] INFO: [Scraper 5] Starting: 49 batches
[2026-02-12 10:58:32,909] INFO: [Scraper 5] Range: 2024-01-01 to 2025-12-31
[2026-02-12 10:58:32,911] INFO: [Scraper 5] Skipping 2024-01-01_to_2024-01-15 (completed)
[2026-02-12 10:58:32,911] INFO: [Scraper 5] Skipping 2024-01-16_to_2024-01-30 (completed)
[2026-02-12 10:58:32,912] INFO: [Scraper 5] Skipping 2024-01-31_to_2024-02-14 (completed)
[2026-02-12 10:58:32,912] INFO: [Scraper 5] Skipping 2024-02-15_to_2024-02-29 (completed)
[2026-02-12 10:58:32,912] INFO: [Scraper 5] Skipping 2024-03-01_to_2024-03-15 (completed)
[2026-02-12 10:58:32,928] INFO: [Scraper 5] Skipping 2024-03-16_to_2024-03-30 (completed)
[2026-02-12 10:58:32,929] INFO: [Scraper 5] Skipping 2024-03-31_to_2024-04-14 (completed)
[2026-02-12 10:58:32,929] INFO: [Scraper 5] Skipping 2024-04-15_to_2024-04-29 (completed)
[2026-02-12 10:58:32,931] INFO: [Scraper 5] Skipping 2024-04-30_to_2024-05-14 (completed)
[2026-02-12 10:58:32,931] INFO: [Scraper 5] Skipping 2024-05-15_to_2024-05-29 (completed)
[2026-02-12 10:58:32,931] INFO: [Scraper 5] Skipping 2024-05-30_to_2024-06-13 (completed)
[2026-02-12 10:58:32,932] INFO: [Scraper 5] Skipping 2024-06-14_to_2024-06-28 (completed)
[2026-02-12 10:58:32,932] INFO: [Scraper 5] Skipping 2024-06-29_to_2024-07-13 (completed)
[2026-02-12 10:58:32,932] INFO: [Scraper 5] Skipping 2024-07-14_to_2024-07-28 (completed)
[2026-02-12 10:58:32,932] INFO: [Scraper 5] Skipping 2024-07-29_to_2024-08-12 (completed)
[2026-02-12 10:58:32,932] INFO: [Scraper 5] Skipping 2024-08-13_to_2024-08-27 (completed)
[2026-02-12 10:58:32,932] INFO: [Scraper 5] Skipping 2024-08-28_to_2024-09-11 (completed)
[2026-02-12 10:58:32,932] INFO: [Scraper 5] Skipping 2024-09-12_to_2024-09-26 (completed)
[2026-02-12 10:58:32,932] INFO: [Scraper 5] Skipping 2024-09-27_to_2024-10-11 (completed)
[2026-02-12 10:58:32,932] INFO: [Scraper 5] Skipping 2024-10-12_to_2024-10-26 (completed)
[2026-02-12 10:58:32,932] INFO: [Scraper 5] Skipping 2024-10-27_to_2024-11-10 (completed)
[2026-02-12 10:58:32,932] INFO: [Scraper 5] Skipping 2024-11-11_to_2024-11-25 (completed)
[2026-02-12 10:58:32,932] INFO: [Scraper 5] Skipping 2024-11-26_to_2024-12-10 (completed)
[2026-02-12 10:58:32,935] INFO: [Scraper 5] Skipping 2024-12-11_to_2024-12-25 (completed)
[2026-02-12 10:58:32,935] INFO: [Scraper 5] Skipping 2024-12-26_to_2025-01-09 (completed)
[2026-02-12 10:58:32,935] INFO: [Scraper 5] Skipping 2025-01-10_to_2025-01-24 (completed)
[2026-02-12 10:58:32,935] INFO: [Scraper 5] Skipping 2025-01-25_to_2025-02-08 (completed)
[2026-02-12 10:58:32,935] INFO: [Scraper 5] Skipping 2025-02-09_to_2025-02-23 (completed)
[2026-02-12 10:58:32,935] INFO: [Scraper 5] Skipping 2025-02-24_to_2025-03-10 (completed)
[2026-02-12 10:58:32,937] INFO: [Scraper 5] Skipping 2025-03-11_to_2025-03-25 (completed)
[2026-02-12 10:58:32,937] INFO: [Scraper 5] Skipping 2025-03-26_to_2025-04-09 (completed)
[2026-02-12 10:58:32,937] INFO: [Scraper 5] Skipping 2025-04-10_to_2025-04-24 (completed)
[2026-02-12 10:58:32,937] INFO: [Scraper 5] Skipping 2025-04-25_to_2025-05-09 (completed)
[2026-02-12 10:58:32,941] INFO: [Scraper 5] Skipping 2025-05-10_to_2025-05-24 (completed)
[2026-02-12 10:58:32,942] INFO: [Scraper 5] Skipping 2025-05-25_to_2025-06-08 (completed)
[2026-02-12 10:58:32,942] INFO: [Scraper 5] Skipping 2025-06-09_to_2025-06-23 (completed)
[2026-02-12 10:58:32,943] INFO: [Scraper 5] Skipping 2025-06-24_to_2025-07-08 (completed)
[2026-02-12 10:58:32,943] INFO: [Scraper 5] Skipping 2025-07-09_to_2025-07-23 (completed)
[2026-02-12 10:58:32,943] INFO: [Scraper 5] Skipping 2025-07-24_to_2025-08-07 (completed)
[2026-02-12 10:58:32,943] INFO: [Scraper 5] Skipping 2025-08-08_to_2025-08-22 (completed)
[2026-02-12 10:58:32,943] INFO: [Scraper 5] Skipping 2025-08-23_to_2025-09-06 (completed)
[2026-02-12 10:58:32,943] INFO: [Scraper 5] Skipping 2025-09-07_to_2025-09-21 (completed)
[2026-02-12 10:58:32,943] INFO: [Scraper 5] Skipping 2025-09-22_to_2025-10-06 (completed)
[2026-02-12 10:58:32,943] INFO: [Scraper 5] Skipping 2025-10-07_to_2025-10-21 (completed)
[2026-02-12 10:58:32,943] INFO: [Scraper 5] Skipping 2025-10-22_to_2025-11-05 (completed)
[2026-02-12 10:58:32,945] INFO: [Scraper 5] Skipping 2025-11-06_to_2025-11-20 (completed)
[2026-02-12 10:58:32,945] INFO: [Scraper 5] Skipping 2025-11-21_to_2025-12-05 (completed)
[2026-02-12 10:58:32,945] INFO: [Scraper 5] Skipping 2025-12-06_to_2025-12-20 (completed)
[2026-02-12 10:58:32,945] INFO: [Scraper 5] Skipping 2025-12-21_to_2025-12-31 (completed)
[2026-02-12 10:58:32,945] INFO: [Scraper 5] 
COMPLETE: Updated 0 auctions
